Component: ARM Compiler 5.06 update 5 (build 528) Tool: armlink [4d35e2]

==============================================================================

Section Cross References

    startup_stm32f407xx.o(STACK) refers (Special) to heapauxi.o(.text) for __use_two_region_memory
    startup_stm32f407xx.o(HEAP) refers (Special) to heapauxi.o(.text) for __use_two_region_memory
    startup_stm32f407xx.o(RESET) refers (Special) to heapauxi.o(.text) for __use_two_region_memory
    startup_stm32f407xx.o(RESET) refers to startup_stm32f407xx.o(STACK) for __initial_sp
    startup_stm32f407xx.o(RESET) refers to startup_stm32f407xx.o(.text) for Reset_Handler
    startup_stm32f407xx.o(RESET) refers to stm32f4xx_it.o(i.NMI_Handler) for NMI_Handler
    startup_stm32f407xx.o(RESET) refers to stm32f4xx_it.o(i.HardFault_Handler) for HardFault_Handler
    startup_stm32f407xx.o(RESET) refers to stm32f4xx_it.o(i.MemManage_Handler) for MemManage_Handler
    startup_stm32f407xx.o(RESET) refers to stm32f4xx_it.o(i.BusFault_Handler) for BusFault_Handler
    startup_stm32f407xx.o(RESET) refers to stm32f4xx_it.o(i.UsageFault_Handler) for UsageFault_Handler
    startup_stm32f407xx.o(RESET) refers to stm32f4xx_it.o(i.SVC_Handler) for SVC_Handler
    startup_stm32f407xx.o(RESET) refers to stm32f4xx_it.o(i.DebugMon_Handler) for DebugMon_Handler
    startup_stm32f407xx.o(RESET) refers to stm32f4xx_it.o(i.PendSV_Handler) for PendSV_Handler
    startup_stm32f407xx.o(RESET) refers to stm32f4xx_it.o(i.SysTick_Handler) for SysTick_Handler
    startup_stm32f407xx.o(RESET) refers to stm32f4xx_it.o(i.DMA1_Stream1_IRQHandler) for DMA1_Stream1_IRQHandler
    startup_stm32f407xx.o(RESET) refers to stm32f4xx_it.o(i.DMA1_Stream3_IRQHandler) for DMA1_Stream3_IRQHandler
    startup_stm32f407xx.o(RESET) refers to stm32f4xx_it.o(i.CAN1_RX0_IRQHandler) for CAN1_RX0_IRQHandler
    startup_stm32f407xx.o(RESET) refers to stm32f4xx_it.o(i.CAN1_RX1_IRQHandler) for CAN1_RX1_IRQHandler
    startup_stm32f407xx.o(RESET) refers to stm32f4xx_it.o(i.USART1_IRQHandler) for USART1_IRQHandler
    startup_stm32f407xx.o(RESET) refers to stm32f4xx_it.o(i.USART3_IRQHandler) for USART3_IRQHandler
    startup_stm32f407xx.o(RESET) refers to stm32f4xx_it.o(i.DMA2_Stream2_IRQHandler) for DMA2_Stream2_IRQHandler
    startup_stm32f407xx.o(RESET) refers to stm32f4xx_it.o(i.DMA2_Stream7_IRQHandler) for DMA2_Stream7_IRQHandler
    startup_stm32f407xx.o(.text) refers (Special) to heapauxi.o(.text) for __use_two_region_memory
    startup_stm32f407xx.o(.text) refers to system_stm32f4xx.o(i.SystemInit) for SystemInit
    startup_stm32f407xx.o(.text) refers to __main.o(!!!main) for __main
    startup_stm32f407xx.o(.text) refers to startup_stm32f407xx.o(HEAP) for Heap_Mem
    startup_stm32f407xx.o(.text) refers to startup_stm32f407xx.o(STACK) for Stack_Mem
    main.o(i._Z18SystemClock_Configv) refers to rt_memclr_w.o(.text) for __aeabi_memclr4
    main.o(i._Z18SystemClock_Configv) refers to stm32f4xx_hal_rcc.o(i.HAL_RCC_OscConfig) for HAL_RCC_OscConfig
    main.o(i._Z18SystemClock_Configv) refers to main.o(i.Error_Handler) for Error_Handler
    main.o(i._Z18SystemClock_Configv) refers to stm32f4xx_hal_rcc.o(i.HAL_RCC_ClockConfig) for HAL_RCC_ClockConfig
    main.o(i.main) refers to stm32f4xx_hal.o(i.HAL_Init) for HAL_Init
    main.o(i.main) refers to main.o(i._Z18SystemClock_Configv) for SystemClock_Config()
    main.o(i.main) refers to gpio.o(i.MX_GPIO_Init) for MX_GPIO_Init
    main.o(i.main) refers to dma.o(i.MX_DMA_Init) for MX_DMA_Init
    main.o(i.main) refers to can.o(i.MX_CAN1_Init) for MX_CAN1_Init
    main.o(i.main) refers to tim.o(i.MX_TIM2_Init) for MX_TIM2_Init
    main.o(i.main) refers to tim.o(i.MX_TIM3_Init) for MX_TIM3_Init
    main.o(i.main) refers to tim.o(i.MX_TIM4_Init) for MX_TIM4_Init
    main.o(i.main) refers to tim.o(i.MX_TIM5_Init) for MX_TIM5_Init
    main.o(i.main) refers to tim.o(i.MX_TIM8_Init) for MX_TIM8_Init
    main.o(i.main) refers to tim.o(i.MX_TIM9_Init) for MX_TIM9_Init
    main.o(i.main) refers to usart.o(i.MX_USART1_UART_Init) for MX_USART1_UART_Init
    main.o(i.main) refers to usart.o(i.MX_USART3_UART_Init) for MX_USART3_UART_Init
    main.o(i.main) refers to tim.o(i.MX_TIM6_Init) for MX_TIM6_Init
    main.o(i.main) refers to tim.o(i.MX_TIM10_Init) for MX_TIM10_Init
    main.o(i.main) refers to tim.o(i.MX_TIM11_Init) for MX_TIM11_Init
    main.o(i.main) refers to user_main.o(i.User_setup) for User_setup
    main.o(i.main) refers to user_main.o(i.User_loop) for User_loop
    main.o(.ARM.exidx) refers to main.o(i.Error_Handler) for i.Error_Handler
    main.o(.ARM.exidx) refers to main.o(i._Z18SystemClock_Configv) for i._Z18SystemClock_Configv
    main.o(.ARM.exidx) refers to main.o(i.main) for i.main
    gpio.o(i.MX_GPIO_Init) refers to rt_memclr_w.o(.text) for __aeabi_memclr4
    gpio.o(i.MX_GPIO_Init) refers to stm32f4xx_hal_gpio.o(i.HAL_GPIO_WritePin) for HAL_GPIO_WritePin
[...]
    i._Z22UART_ReceiveToIdle_DMAP25Struct_UART_Manage_Object 0x08003924   Section        0  user_uart.o(i._Z22UART_ReceiveToIdle_DMAP25Struct_UART_Manage_Object)
    i._Z23COM_RxCallback_LuBanCatPvh         0x08003950   Section        0  communication.o(i._Z23COM_RxCallback_LuBanCatPvh)
    i._Z23COM_TxCallback_LuBanCathPvS_       0x080039b0   Section        0  communication.o(i._Z23COM_TxCallback_LuBanCathPvS_)
    i._Z24COM_OffCallback_LuBanCatv          0x080039e8   Section        0  communication.o(i._Z24COM_OffCallback_LuBanCatv)
    i._Z8CAN_InitP24Struct_CAN_Manage_Object 0x080039f8   Section        0  user_can.o(i._Z8CAN_InitP24Struct_CAN_Manage_Object)
    i._Z8Delay_mst                           0x08003a68   Section        0  user_delay.o(i._Z8Delay_mst)
    i._Z8Delay_usj                           0x08003a7c   Section        0  user_delay.o(i._Z8Delay_usj)
    i._Z9UART_InitP25Struct_UART_Manage_Objectt 0x08003ac0   Section        0  user_uart.o(i._Z9UART_InitP25Struct_UART_Manage_Objectt)
    i._ZN15Class_CustomCOM4InitEhhj          0x08003aee   Section        0  communication.o(i._ZN15Class_CustomCOM4InitEhhj)
    i._ZN15Class_CustomCOMC1EPFvhPvS0_EPFvS0_hEPFvvEP25Struct_UART_Manage_Object 0x08003b22   Section        0  communication.o(i._ZN15Class_CustomCOMC1EPFvhPvS0_EPFvS0_hEPFvvEP25Struct_UART_Manage_Object)
    i._ZN15Class_Motor_BDC4InitEP17TIM_HandleTypeDefS1_jP12GPIO_TypeDefS3_jjfftt 0x08003b3a   Section        0  motor.o(i._ZN15Class_Motor_BDC4InitEP17TIM_HandleTypeDefS1_jP12GPIO_TypeDefS3_jjfftt)
    i._ZN15Class_Motor_BDC8Msp_InitEv        0x08003bac   Section        0  motor.o(i._ZN15Class_Motor_BDC8Msp_InitEv)
    i._ZN15Class_Motor_BDCC1Ev               0x08003d6c   Section        0  chassis.o(i._ZN15Class_Motor_BDCC1Ev)
    i._ZN16Class_Gear_Slope4InitEf           0x08003e44   Section        0  gear.o(i._ZN16Class_Gear_Slope4InitEf)
    i._ZN17Class_Motor_Servo4InitEP17TIM_HandleTypeDefjfff 0x08003e54   Section        0  motor.o(i._ZN17Class_Motor_Servo4InitEP17TIM_HandleTypeDefjfff)
    i._ZN17Class_Motor_Servo8AngleSetEf      0x08003e94   Section        0  motor.o(i._ZN17Class_Motor_Servo8AngleSetEf)
    i._ZN20Class_Chassis_Macnum10Set_MotionEfff 0x08003f70   Section        0  user_main.o(i._ZN20Class_Chassis_Macnum10Set_MotionEfff)
    i._ZN20Class_Chassis_Macnum4InitEft      0x08003f8c   Section        0  chassis.o(i._ZN20Class_Chassis_Macnum4InitEft)
    i._ZN20Class_Chassis_Macnum8Set_StopE17Enum_ChassisState 0x080040f4   Section        0  communication.o(i._ZN20Class_Chassis_Macnum8Set_StopE17Enum_ChassisState)
    i._ZN41_INTERNAL_19_stm32f4xx_hal_dma_c_c25f65ec13DMA_SetConfigEP19__DMA_HandleTypeDefjjj 0x08004108   Section        0  stm32f4xx_hal_dma.o(i._ZN41_INTERNAL_19_stm32f4xx_hal_dma_c_c25f65ec13DMA_SetConfigEP19__DMA_HandleTypeDefjjj)
    [local to stm32f4xx_hal_dma_c]::DMA_SetConfig(__DMA_HandleTypeDef*, unsigned, unsigned, unsigned) 0x08004109   Thumb Code    44  stm32f4xx_hal_dma.o(i._ZN41_INTERNAL_19_stm32f4xx_hal_dma_c_c25f65ec13DMA_SetConfigEP19__DMA_HandleTypeDefjjj)
    i._ZN41_INTERNAL_19_stm32f4xx_hal_dma_c_c25f65ec18DMA_CheckFifoParamEP19__DMA_HandleTypeDef 0x08004134   Section        0  stm32f4xx_hal_dma.o(i._ZN41_INTERNAL_19_stm32f4xx_hal_dma_c_c25f65ec18DMA_CheckFifoParamEP19__DMA_HandleTypeDef)
    [local to stm32f4xx_hal_dma_c]::DMA_CheckFifoParam(__DMA_HandleTypeDef*) 0x08004135   Thumb Code   170  stm32f4xx_hal_dma.o(i._ZN41_INTERNAL_19_stm32f4xx_hal_dma_c_c25f65ec18DMA_CheckFifoParamEP19__DMA_HandleTypeDef)
    i._ZN41_INTERNAL_19_stm32f4xx_hal_dma_c_c25f65ec23DMA_CalcBaseAndBitshiftEP19__DMA_HandleTypeDef 0x080041e0   Section        0  stm32f4xx_hal_dma.o(i._ZN41_INTERNAL_19_stm32f4xx_hal_dma_c_c25f65ec23DMA_CalcBaseAndBitshiftEP19__DMA_HandleTypeDef)
    [local to stm32f4xx_hal_dma_c]::DMA_CalcBaseAndBitshift(__DMA_HandleTypeDef*) 0x080041e1   Thumb Code    46  stm32f4xx_hal_dma.o(i._ZN41_INTERNAL_19_stm32f4xx_hal_dma_c_c25f65ec23DMA_CalcBaseAndBitshiftEP19__DMA_HandleTypeDef)
    i._ZN41_INTERNAL_19_stm32f4xx_hal_tim_c_a9d95b5217TIM_OC1_SetConfigEP11TIM_TypeDefPK18TIM_OC_InitTypeDef 0x08004214   Section        0  stm32f4xx_hal_tim.o(i._ZN41_INTERNAL_19_stm32f4xx_hal_tim_c_a9d95b5217TIM_OC1_SetConfigEP11TIM_TypeDefPK18TIM_OC_InitTypeDef)
    [local to stm32f4xx_hal_tim_c]::TIM_OC1_SetConfig(TIM_TypeDef*, const TIM_OC_InitTypeDef*) 0x08004215   Thumb Code   104  stm32f4xx_hal_tim.o(i._ZN41_INTERNAL_19_stm32f4xx_hal_tim_c_a9d95b5217TIM_OC1_SetConfigEP11TIM_TypeDefPK18TIM_OC_InitTypeDef)
    i._ZN41_INTERNAL_19_stm32f4xx_hal_tim_c_a9d95b5217TIM_OC3_SetConfigEP11TIM_TypeDefPK18TIM_OC_InitTypeDef 0x08004284   Section        0  stm32f4xx_hal_tim.o(i._ZN41_INTERNAL_19_stm32f4xx_hal_tim_c_a9d95b5217TIM_OC3_SetConfigEP11TIM_TypeDefPK18TIM_OC_InitTypeDef)
    [local to stm32f4xx_hal_tim_c]::TIM_OC3_SetConfig(TIM_TypeDef*, const TIM_OC_InitTypeDef*) 0x08004285   Thumb Code   112  stm32f4xx_hal_tim.o(i._ZN41_INTERNAL_19_stm32f4xx_hal_tim_c_a9d95b5217TIM_OC3_SetConfigEP11TIM_TypeDefPK18TIM_OC_InitTypeDef)
    i._ZN41_INTERNAL_19_stm32f4xx_hal_tim_c_a9d95b5217TIM_OC4_SetConfigEP11TIM_TypeDefPK18TIM_OC_InitTypeDef 0x080042fc   Section        0  stm32f4xx_hal_tim.o(i._ZN41_INTERNAL_19_stm32f4xx_hal_tim_c_a9d95b5217TIM_OC4_SetConfigEP11TIM_TypeDefPK18TIM_OC_InitTypeDef)
    [local to stm32f4xx_hal_tim_c]::TIM_OC4_SetConfig(TIM_TypeDef*, const TIM_OC_InitTypeDef*) 0x080042fd   Thumb Code    74  stm32f4xx_hal_tim.o(i._ZN41_INTERNAL_19_stm32f4xx_hal_tim_c_a9d95b5217TIM_OC4_SetConfigEP11TIM_TypeDefPK18TIM_OC_InitTypeDef)
    i._ZN41_INTERNAL_19_stm32f4xx_hal_tim_c_a9d95b5218TIM_ITRx_SetConfigEP11TIM_TypeDefj 0x08004350   Section        0  stm32f4xx_hal_tim.o(i._ZN41_INTERNAL_19_stm32f4xx_hal_tim_c_a9d95b5218TIM_ITRx_SetConfigEP11TIM_TypeDefj)
    [local to stm32f4xx_hal_tim_c]::TIM_ITRx_SetConfig(TIM_TypeDef*, unsigned) 0x08004351   Thumb Code    18  stm32f4xx_hal_tim.o(i._ZN41_INTERNAL_19_stm32f4xx_hal_tim_c_a9d95b5218TIM_ITRx_SetConfigEP11TIM_TypeDefj)
    i._ZN41_INTERNAL_19_stm32f4xx_hal_tim_c_a9d95b5224TIM_TI1_ConfigInputStageEP11TIM_TypeDefjj 0x08004362   Section        0  stm32f4xx_hal_tim.o(i._ZN41_INTERNAL_19_stm32f4xx_hal_tim_c_a9d95b5224TIM_TI1_ConfigInputStageEP11TIM_TypeDefjj)
    [local to stm32f4xx_hal_tim_c]::TIM_TI1_ConfigInputStage(TIM_TypeDef*, unsigned, unsigned) 0x08004363   Thumb Code    38  stm32f4xx_hal_tim.o(i._ZN41_INTERNAL_19_stm32f4xx_hal_tim_c_a9d95b5224TIM_TI1_ConfigInputStageEP11TIM_TypeDefjj)
    i._ZN41_INTERNAL_19_stm32f4xx_hal_tim_c_a9d95b5224TIM_TI2_ConfigInputStageEP11TIM_TypeDefjj 0x08004388   Section        0  stm32f4xx_hal_tim.o(i._ZN41_INTERNAL_19_stm32f4xx_hal_tim_c_a9d95b5224TIM_TI2_ConfigInputStageEP11TIM_TypeDefjj)
    [local to stm32f4xx_hal_tim_c]::TIM_TI2_ConfigInputStage(TIM_TypeDef*, unsigned, unsigned) 0x08004389   Thumb Code    40  stm32f4xx_hal_tim.o(i._ZN41_INTERNAL_19_stm32f4xx_hal_tim_c_a9d95b5224TIM_TI2_ConfigInputStageEP11TIM_TypeDefjj)
    i._ZN42_INTERNAL_20_stm32f4xx_hal_uart_c_d497114f13UART_DMAErrorEP19__DMA_HandleTypeDef 0x080043b0   Section        0  stm32f4xx_hal_uart.o(i._ZN42_INTERNAL_20_stm32f4xx_hal_uart_c_d497114f13UART_DMAErrorEP19__DMA_HandleTypeDef)
    [local to stm32f4xx_hal_uart_c]::UART_DMAError(__DMA_HandleTypeDef*) 0x080043b1   Thumb Code    80  stm32f4xx_hal_uart.o(i._ZN42_INTERNAL_20_stm32f4xx_hal_uart_c_d497114f13UART_DMAErrorEP19__DMA_HandleTypeDef)
    i._ZN42_INTERNAL_20_stm32f4xx_hal_uart_c_d497114f14UART_SetConfigEP20__UART_HandleTypeDef 0x08004400   Section        0  stm32f4xx_hal_uart.o(i._ZN42_INTERNAL_20_stm32f4xx_hal_uart_c_d497114f14UART_SetConfigEP20__UART_HandleTypeDef)
    [local to stm32f4xx_hal_uart_c]::UART_SetConfig(__UART_HandleTypeDef*) 0x08004401   Thumb Code   546  stm32f4xx_hal_uart.o(i._ZN42_INTERNAL_20_stm32f4xx_hal_uart_c_d497114f14UART_SetConfigEP20__UART_HandleTypeDef)
    i._ZN42_INTERNAL_20_stm32f4xx_hal_uart_c_d497114f15UART_Receive_ITEP20__UART_HandleTypeDef 0x0800462c   Section        0  stm32f4xx_hal_uart.o(i._ZN42_INTERNAL_20_stm32f4xx_hal_uart_c_d497114f15UART_Receive_ITEP20__UART_HandleTypeDef)
    [local to stm32f4xx_hal_uart_c]::UART_Receive_IT(__UART_HandleTypeDef*) 0x0800462d   Thumb Code   252  stm32f4xx_hal_uart.o(i._ZN42_INTERNAL_20_stm32f4xx_hal_uart_c_d497114f15UART_Receive_ITEP20__UART_HandleTypeDef)
    i._ZN42_INTERNAL_20_stm32f4xx_hal_uart_c_d497114f16UART_Transmit_ITEP20__UART_HandleTypeDef 0x08004728   Section        0  stm32f4xx_hal_uart.o(i._ZN42_INTERNAL_20_stm32f4xx_hal_uart_c_d497114f16UART_Transmit_ITEP20__UART_HandleTypeDef)
    [local to stm32f4xx_hal_uart_c]::UART_Transmit_IT(__UART_HandleTypeDef*) 0x08004729   Thumb Code    96  stm32f4xx_hal_uart.o(i._ZN42_INTERNAL_20_stm32f4xx_hal_uart_c_d497114f16UART_Transmit_ITEP20__UART_HandleTypeDef)
    i._ZN42_INTERNAL_20_stm32f4xx_hal_uart_c_d497114f18UART_DMARxHalfCpltEP19__DMA_HandleTypeDef 0x08004788   Section        0  stm32f4xx_hal_uart.o(i._ZN42_INTERNAL_20_stm32f4xx_hal_uart_c_d497114f18UART_DMARxHalfCpltEP19__DMA_HandleTypeDef)
    [local to stm32f4xx_hal_uart_c]::UART_DMARxHalfCplt(__DMA_HandleTypeDef*) 0x08004789   Thumb Code    36  stm32f4xx_hal_uart.o(i._ZN42_INTERNAL_20_stm32f4xx_hal_uart_c_d497114f18UART_DMARxHalfCpltEP19__DMA_HandleTypeDef)
    i._ZN42_INTERNAL_20_stm32f4xx_hal_uart_c_d497114f18UART_EndRxTransferEP20__UART_HandleTypeDef 0x080047ac   Section        0  stm32f4xx_hal_uart.o(i._ZN42_INTERNAL_20_stm32f4xx_hal_uart_c_d497114f18UART_EndRxTransferEP20__UART_HandleTypeDef)
    [local to stm32f4xx_hal_uart_c]::UART_EndRxTransfer(__UART_HandleTypeDef*) 0x080047ad   Thumb Code   108  stm32f4xx_hal_uart.o(i._ZN42_INTERNAL_20_stm32f4xx_hal_uart_c_d497114f18UART_EndRxTransferEP20__UART_HandleTypeDef)
    i._ZN42_INTERNAL_20_stm32f4xx_hal_uart_c_d497114f18UART_EndTxTransferEP20__UART_HandleTypeDef 0x08004818   Section        0  stm32f4xx_hal_uart.o(i._ZN42_INTERNAL_20_stm32f4xx_hal_uart_c_d497114f18UART_EndTxTransferEP20__UART_HandleTypeDef)
    [local to stm32f4xx_hal_uart_c]::UART_EndTxTransfer(__UART_HandleTypeDef*) 0x08004819   Thumb Code    38  stm32f4xx_hal_uart.o(i._ZN42_INTERNAL_20_stm32f4xx_hal_uart_c_d497114f18UART_EndTxTransferEP20__UART_HandleTypeDef)
    i._ZN42_INTERNAL_20_stm32f4xx_hal_uart_c_d497114f19UART_DMAReceiveCpltEP19__DMA_HandleTypeDef 0x0800483e   Section        0  stm32f4xx_hal_uart.o(i._ZN42_INTERNAL_20_stm32f4xx_hal_uart_c_d497114f19UART_DMAReceiveCpltEP19__DMA_HandleTypeDef)
    [local to stm32f4xx_hal_uart_c]::UART_DMAReceiveCplt(__DMA_HandleTypeDef*) 0x0800483f   Thumb Code   180  stm32f4xx_hal_uart.o(i._ZN42_INTERNAL_20_stm32f4xx_hal_uart_c_d497114f19UART_DMAReceiveCpltEP19__DMA_HandleTypeDef)
    i._ZN42_INTERNAL_20_stm32f4xx_hal_uart_c_d497114f19UART_EndTransmit_ITEP20__UART_HandleTypeDef 0x080048f2   Section        0  stm32f4xx_hal_uart.o(i._ZN42_INTERNAL_20_stm32f4xx_hal_uart_c_d497114f19UART_EndTransmit_ITEP20__UART_HandleTypeDef)
    [local to stm32f4xx_hal_uart_c]::UART_EndTransmit_IT(__UART_HandleTypeDef*) 0x080048f3   Thumb Code    32  stm32f4xx_hal_uart.o(i._ZN42_INTERNAL_20_stm32f4xx_hal_uart_c_d497114f19UART_EndTransmit_ITEP20__UART_HandleTypeDef)
    i._ZN42_INTERNAL_20_stm32f4xx_hal_uart_c_d497114f20UART_DMAAbortOnErrorEP19__DMA_HandleTypeDef 0x08004912   Section        0  stm32f4xx_hal_uart.o(i._ZN42_INTERNAL_20_stm32f4xx_hal_uart_c_d497114f20UART_DMAAbortOnErrorEP19__DMA_HandleTypeDef)
    [local to stm32f4xx_hal_uart_c]::UART_DMAAbortOnError(__DMA_HandleTypeDef*) 0x08004913   Thumb Code    20  stm32f4xx_hal_uart.o(i._ZN42_INTERNAL_20_stm32f4xx_hal_uart_c_d497114f20UART_DMAAbortOnErrorEP19__DMA_HandleTypeDef)
    i._ZN44_INTERNAL_22_stm32f4xx_hal_cortex_c_2992dbc018__NVIC_SetPriorityE9IRQn_Typej 0x08004928   Section        0  stm32f4xx_hal_cortex.o(i._ZN44_INTERNAL_22_stm32f4xx_hal_cortex_c_2992dbc018__NVIC_SetPriorityE9IRQn_Typej)
    [local to stm32f4xx_hal_cortex_c]::__NVIC_SetPriority(IRQn_Type, unsigned) 0x08004929   Thumb Code    32  stm32f4xx_hal_cortex.o(i._ZN44_INTERNAL_22_stm32f4xx_hal_cortex_c_2992dbc018__NVIC_SetPriorityE9IRQn_Typej)
    i._ZN44_INTERNAL_22_stm32f4xx_hal_cortex_c_2992dbc026__NVIC_GetPriorityGroupingEv 0x08004950   Section        0  stm32f4xx_hal_cortex.o(i._ZN44_INTERNAL_22_stm32f4xx_hal_cortex_c_2992dbc026__NVIC_GetPriorityGroupingEv)
    [local to stm32f4xx_hal_cortex_c]::__NVIC_GetPriorityGrouping() 0x08004951   Thumb Code    10  stm32f4xx_hal_cortex.o(i._ZN44_INTERNAL_22_stm32f4xx_hal_cortex_c_2992dbc026__NVIC_GetPriorityGroupingEv)
    i._ZN9Class_PID4InitEfffffffffff16Enum_PID_D_First 0x08004960   Section        0  pid.o(i._ZN9Class_PID4InitEfffffffffff16Enum_PID_D_First)
    i.__aeabi_vec_ctor_nocookie_nodtor       0x08004992   Section        0  aeabi_vec_ctor_nocookie_nodtor.o(i.__aeabi_vec_ctor_nocookie_nodtor)
    i.__hardfp_fmodf                         0x080049b6   Section        0  fmodf.o(i.__hardfp_fmodf)
    i.__mathlib_flt_invalid                  0x08004a68   Section        0  funder.o(i.__mathlib_flt_invalid)
    i.__sti___11_Chassis_cpp_be49aacf        0x08004a78   Section        0  chassis.o(i.__sti___11_Chassis_cpp_be49aacf)
    __sti___11_Chassis_cpp_be49aacf          0x08004a79   Thumb Code    78  chassis.o(i.__sti___11_Chassis_cpp_be49aacf)
    i.__sti___17_Communication_cpp_1b3ccd2f  0x08004ae0   Section        0  communication.o(i.__sti___17_Communication_cpp_1b3ccd2f)
    __sti___17_Communication_cpp_1b3ccd2f    0x08004ae1   Thumb Code    20  communication.o(i.__sti___17_Communication_cpp_1b3ccd2f)
    i.main                                   0x08004b08   Section        0  main.o(i.main)
    x$fpl$fnaninf                            0x08004b54   Section      140  fnaninf.o(x$fpl$fnaninf)
    $v0                                      0x08004b54   Number         0  fnaninf.o(x$fpl$fnaninf)
    x$fpl$fpinit                             0x08004be0   Section       10  fpinit.o(x$fpl$fpinit)
    $v0                                      0x08004be0   Number         0  fpinit.o(x$fpl$fpinit)
    x$fpl$frem                               0x08004bec   Section      244  frem_clz.o(x$fpl$frem)
    $v0                                      0x08004bec   Number         0  frem_clz.o(x$fpl$frem)
    .constdata                               0x08004ce0   Section        8  stm32f4xx_hal_dma.o(.constdata)
    x$fpl$usenofp                            0x08004ce0   Section        0  usenofp.o(x$fpl$usenofp)
    [local to stm32f4xx_hal_dma_c]::DMA_CalcBaseAndBitshift(__DMA_HandleTypeDef*)::flagBitshiftOffset 0x08004ce0   Data           8  stm32f4xx_hal_dma.o(.constdata)
    .constdata                               0x08004ce8   Section       24  system_stm32f4xx.o(.constdata)
    .init_array                              0x08004d20   Section        4  chassis.o(.init_array)
    .init_array                              0x08004d24   Section        4  communication.o(.init_array)
    .init_array                              0x08004d28   Section        0  init_aeabi.o(.init_array)
    .data                                    0x20000000   Section        9  stm32f4xx_hal.o(.data)
    .data                                    0x2000000c   Section        4  system_stm32f4xx.o(.data)
    .data                                    0x20000010   Section       40  user_can.o(.data)
    .data                                    0x20000038   Section        4  user_delay.o(.data)
    SysClk                                   0x20000038   Data           4  user_delay.o(.data)
    .data                                    0x2000003c   Section     1040  user_uart.o(.data)
    .bss                                     0x2000044c   Section       40  can.o(.bss)
    .bss                                     0x20000474   Section      648  tim.o(.bss)
    .bss                                     0x200006fc   Section      528  usart.o(.bss)
    .bss                                     0x2000090c   Section       24  motor.o(.bss)
    .bss                                     0x20000924   Section      660  chassis.o(.bss)
    .bss                                     0x20000bb8   Section      296  communication.o(.bss)
    .bss                                     0x20000ce0   Section       96  libspace.o(.bss)
    HEAP                                     0x20000d40   Section      512  startup_stm32f407xx.o(HEAP)
    Heap_Mem                                 0x20000d40   Data         512  startup_stm32f407xx.o(HEAP)
    STACK                                    0x20000f40   Section     1024  startup_stm32f407xx.o(STACK)
    Stack_Mem                                0x20000f40   Data        1024  startup_stm32f407xx.o(STACK)
    __initial_sp                             0x20001340   Data           0  startup_stm32f407xx.o(STACK)

    Global Symbols

    Symbol Name                              Value     Ov Type        Size  Object(Section)

    BuildAttributes$$THM_ISAv4$E$P$D$K$B$S$7EM$VFPi3$EXTD16$VFPS$VFMA$PE$A:L22UL41UL21$X:L11$S22US41US21$IEEE1$IW$USESV6$~STKCKD$USESV7$~SHL$OTIME$ROPI$IEEEX$EBA8$UX$STANDARDLIB$REQ8$PRES8$EABIv2 0x00000000   Number         0  anon$$obj.o ABSOLUTE
    __ARM_use_no_argv                        0x00000000   Number         0  main.o ABSOLUTE
    SHT$$ARM_EXIDX$$Base                      - Undefined Reference
    SHT$$ARM_EXIDX$$Limit                     - Undefined Reference
    __ARM_exceptions_init                     - Undefined Weak Reference
    __aeabi_unwind_cpp_pr1                    - Undefined Weak Reference
    __aeabi_unwind_cpp_pr2                    - Undefined Weak Reference
    __alloca_initialize                       - Undefined Weak Reference
    __arm_preinit_                            - Undefined Weak Reference
    __cxa_begin_cleanup                       - Undefined Weak Reference
    __cxa_call_unexpected                     - Undefined Weak Reference
    __cxa_finalize                            - Undefined Weak Reference
    __cxa_type_match                          - Undefined Weak Reference
    __rt_locale                               - Undefined Weak Reference
    __sigvec_lookup                           - Undefined Weak Reference
    __user_heap_extent                        - Undefined Weak Reference
    _atexit_init                              - Undefined Weak Reference
    _call_atexit_fns                          - Undefined Weak Reference
    _clock_init                               - Undefined Weak Reference
    _fp_trap_init                             - Undefined Weak Reference
    _fp_trap_shutdown                         - Undefined Weak Reference
    _get_lc_collate                           - Undefined Weak Reference
    _get_lc_ctype                             - Undefined Weak Reference
    _get_lc_monetary                          - Undefined Weak Reference
    _get_lc_numeric                           - Undefined Weak Reference
    _get_lc_time                              - Undefined Weak Reference
    _getenv_init                              - Undefined Weak Reference
    _handle_redirection                       - Undefined Weak Reference
    _initio                                   - Undefined Weak Reference
    _mutex_acquire                            - Undefined Weak Reference
    _mutex_free                               - Undefined Weak Reference
    _mutex_release                            - Undefined Weak Reference
    _rand_init                                - Undefined Weak Reference
    _signal_finish                            - Undefined Weak Reference
    _signal_init                              - Undefined Weak Reference
    _terminateio                              - Undefined Weak Reference
    __Vectors_Size                           0x00000188   Number         0  startup_stm32f407xx.o ABSOLUTE
    __Vectors                                0x08000000   Data           4  startup_stm32f407xx.o(RESET)
    __Vectors_End                            0x08000188   Data           0  startup_stm32f407xx.o(RESET)
    __main                                   0x08000189   Thumb Code     8  __main.o(!!!main)
    __scatterload                            0x08000191   Thumb Code     0  __scatter.o(!!!scatter)
    __scatterload_rt2                        0x08000191   Thumb Code    44  __scatter.o(!!!scatter)
    __scatterload_rt2_thumb_only             0x08000191   Thumb Code     0  __scatter.o(!!!scatter)
    __scatterload_null                       0x0800019f   Thumb Code     0  __scatter.o(!!!scatter)
    __decompress                             0x080001c5   Thumb Code    58  __dczerorl.o(!!dczerorl)
    __decompress0                            0x080001c5   Thumb Code     0  __dczerorl.o(!!dczerorl)
    __scatterload_zeroinit                   0x08000201   Thumb Code    28  __scatter_zi.o(!!handler_zi)
    __rt_lib_init                            0x0800021d   Thumb Code     0  libinit.o(.ARM.Collect$$libinit$$00000000)
    __rt_lib_init_fp_1                       0x0800021f   Thumb Code     0  libinit2.o(.ARM.Collect$$libinit$$00000001)
    __rt_lib_init_alloca_1                   0x08000223   Thumb Code     0  libinit2.o(.ARM.Collect$$libinit$$0000002E)
    __rt_lib_init_argv_1                     0x08000223   Thumb Code     0  libinit2.o(.ARM.Collect$$libinit$$0000002C)
    __rt_lib_init_atexit_1                   0x08000223   Thumb Code     0  libinit2.o(.ARM.Collect$$libinit$$0000001B)
    __rt_lib_init_clock_1                    0x08000223   Thumb Code     0  libinit2.o(.ARM.Collect$$libinit$$00000021)
    __rt_lib_init_cpp_2                      0x08000223   Thumb Code     0  libinit2.o(.ARM.Collect$$libinit$$00000031)
    __rt_lib_init_exceptions_1               0x08000223   Thumb Code     0  libinit2.o(.ARM.Collect$$libinit$$00000030)
    __rt_lib_init_fp_trap_1                  0x08000223   Thumb Code     0  libinit2.o(.ARM.Collect$$libinit$$0000001F)
    __rt_lib_init_getenv_1                   0x08000223   Thumb Code     0  libinit2.o(.ARM.Collect$$libinit$$00000023)
    __rt_lib_init_heap_1                     0x08000223   Thumb Code     0  libinit2.o(.ARM.Collect$$libinit$$0000000A)
    __rt_lib_init_lc_collate_1               0x08000223   Thumb Code     0  libinit2.o(.ARM.Collect$$libinit$$00000011)
    __rt_lib_init_lc_ctype_1                 0x08000223   Thumb Code     0  libinit2.o(.ARM.Collect$$libinit$$00000013)
    __rt_lib_init_lc_monetary_1              0x08000223   Thumb Code     0  libinit2.o(.ARM.Collect$$libinit$$00000015)
    __rt_lib_init_lc_numeric_1               0x08000223   Thumb Code     0  libinit2.o(.ARM.Collect$$libinit$$00000017)
    __rt_lib_init_lc_time_1                  0x08000223   Thumb Code     0  libinit2.o(.ARM.Collect$$libinit$$00000019)
    __rt_lib_init_preinit_1                  0x08000223   Thumb Code     0  libinit2.o(.ARM.Collect$$libinit$$00000004)
    __rt_lib_init_rand_1                     0x08000223   Thumb Code     0  libinit2.o(.ARM.Collect$$libinit$$0000000E)
    __rt_lib_init_signal_1                   0x08000223   Thumb Code     0  libinit2.o(.ARM.Collect$$libinit$$0000001D)
    __rt_lib_init_stdio_1                    0x08000223   Thumb Code     0  libinit2.o(.ARM.Collect$$libinit$$00000025)
    __rt_lib_init_user_alloc_1               0x08000223   Thumb Code     0  libinit2.o(.ARM.Collect$$libinit$$0000000C)
    __rt_lib_init_cpp_1                      0x08000227   Thumb Code     0  libinit2.o(.ARM.Collect$$libinit$$00000032)
    __rt_lib_init_return                     0x08000227   Thumb Code     0  libinit2.o(.ARM.Collect$$libinit$$00000033)
    __rt_lib_shutdown                        0x08000229   Thumb Code     0  libshutdown.o(.ARM.Collect$$libshutdown$$00000000)
    __rt_lib_shutdown_cpp_1                  0x0800022b   Thumb Code     0  libshutdown2.o(.ARM.Collect$$libshutdown$$00000002)
    __rt_lib_shutdown_fp_trap_1              0x0800022b   Thumb Code     0  libshutdown2.o(.ARM.Collect$$libshutdown$$00000007)
    __rt_lib_shutdown_heap_1                 0x0800022b   Thumb Code     0  libshutdown2.o(.ARM.Collect$$libshutdown$$0000000F)
    __rt_lib_shutdown_return                 0x0800022b   Thumb Code     0  libshutdown2.o(.ARM.Collect$$libshutdown$$00000010)
    __rt_lib_shutdown_signal_1               0x0800022b   Thumb Code     0  libshutdown2.o(.ARM.Collect$$libshutdown$$0000000A)
    __rt_lib_shutdown_stdio_1                0x0800022b   Thumb Code     0  libshutdown2.o(.ARM.Collect$$libshutdown$$00000004)
    __rt_lib_shutdown_user_alloc_1           0x0800022b   Thumb Code     0  libshutdown2.o(.ARM.Collect$$libshutdown$$0000000C)
    __rt_entry                               0x0800022d   Thumb Code     0  __rtentry.o(.ARM.Collect$$rtentry$$00000000)
    __rt_entry_presh_1                       0x0800022d   Thumb Code     0  __rtentry2.o(.ARM.Collect$$rtentry$$00000002)
    __rt_entry_sh                            0x0800022d   Thumb Code     0  __rtentry4.o(.ARM.Collect$$rtentry$$00000004)
    __rt_entry_li                            0x08000233   Thumb Code     0  __rtentry2.o(.ARM.Collect$$rtentry$$0000000A)
    __rt_entry_postsh_1                      0x08000233   Thumb Code     0  __rtentry2.o(.ARM.Collect$$rtentry$$00000009)
    __rt_entry_main                          0x08000237   Thumb Code     0  __rtentry2.o(.ARM.Collect$$rtentry$$0000000D)
    __rt_entry_postli_1                      0x08000237   Thumb Code     0  __rtentry2.o(.ARM.Collect$$rtentry$$0000000C)
    __rt_exit                                0x0800023f   Thumb Code     0  rtexit.o(.ARM.Collect$$rtexit$$00000000)
    __rt_exit_ls                             0x08000241   Thumb Code     0  rtexit2.o(.ARM.Collect$$rtexit$$00000003)
    __rt_exit_prels_1                        0x08000241   Thumb Code     0  rtexit2.o(.ARM.Collect$$rtexit$$00000002)
    __rt_exit_exit                           0x08000245   Thumb Code     0  rtexit2.o(.ARM.Collect$$rtexit$$00000004)
    Reset_Handler                            0x0800024d   Thumb Code     8  startup_stm32f407xx.o(.text)
    ADC_IRQHandler                           0x08000267   Thumb Code     0  startup_stm32f407xx.o(.text)
    CAN1_SCE_IRQHandler                      0x08000267   Thumb Code     0  startup_stm32f407xx.o(.text)
    CAN1_TX_IRQHandler                       0x08000267   Thumb Code     0  startup_stm32f407xx.o(.text)
    CAN2_RX0_IRQHandler                      0x08000267   Thumb Code     0  startup_stm32f407xx.o(.text)
    CAN2_RX1_IRQHandler                      0x08000267   Thumb Code     0  startup_stm32f407xx.o(.text)
    CAN2_SCE_IRQHandler                      0x08000267   Thumb Code     0  startup_stm32f407xx.o(.text)
    CAN2_TX_IRQHandler                       0x08000267   Thumb Code     0  startup_stm32f407xx.o(.text)
    DCMI_IRQHandler                          0x08000267   Thumb Code     0  startup_stm32f407xx.o(.text)
    DMA1_Stream0_IRQHandler                  0x08000267   Thumb Code     0  startup_stm32f407xx.o(.text)
    DMA1_Stream2_IRQHandler                  0x08000267   Thumb Code     0  startup_stm32f407xx.o(.text)
    DMA1_Stream4_IRQHandler                  0x08000267   Thumb Code     0  startup_stm32f407xx.o(.text)
    DMA1_Stream5_IRQHandler                  0x08000267   Thumb Code     0  startup_stm32f407xx.o(.text)
    DMA1_Stream6_IRQHandler                  0x08000267   Thumb Code     0  startup_stm32f407xx.o(.text)
    DMA1_Stream7_IRQHandler                  0x08000267   Thumb Code     0  startup_stm32f407xx.o(.text)
    DMA2_Stream0_IRQHandler                  0x08000267   Thumb Code     0  startup_stm32f407xx.o(.text)
    DMA2_Stream1_IRQHandler                  0x08000267   Thumb Code     0  startup_stm32f407xx.o(.text)
    DMA2_Stream3_IRQHandler                  0x08000267   Thumb Code     0  startup_stm32f407xx.o(.text)
    DMA2_Stream4_IRQHandler                  0x08000267   Thumb Code     0  startup_stm32f407xx.o(.text)
    DMA2_Stream5_IRQHandler                  0x08000267   Thumb Code     0  startup_stm32f407xx.o(.text)
    DMA2_Stream6_IRQHandler                  0x08000267   Thumb Code     0  startup_stm32f407xx.o(.text)
    ETH_IRQHandler                           0x08000267   Thumb Code     0  startup_stm32f407xx.o(.text)
    ETH_WKUP_IRQHandler                      0x08000267   Thumb Code     0  startup_stm32f407xx.o(.text)
    EXTI0_IRQHandler                         0x08000267   Thumb Code     0  startup_stm32f407xx.o(.text)
    EXTI15_10_IRQHandler                     0x08000267   Thumb Code     0  startup_stm32f407xx.o(.text)
    EXTI1_IRQHandler                         0x08000267   Thumb Code     0  startup_stm32f407xx.o(.text)
    EXTI2_IRQHandler                         0x08000267   Thumb Code     0  startup_stm32f407xx.o(.text)
    EXTI3_IRQHandler                         0x08000267   Thumb Code     0  startup_stm32f407xx.o(.text)
    EXTI4_IRQHandler                         0x08000267   Thumb Code     0  startup_stm32f407xx.o(.text)
    EXTI9_5_IRQHandler                       0x08000267   Thumb Code     0  startup_stm32f407xx.o(.text)
    FLASH_IRQHandler                         0x08000267   Thumb Code     0  startup_stm32f407xx.o(.text)
    FMC_IRQHandler                           0x08000267   Thumb Code     0  startup_stm32f407xx.o(.text)
    FPU_IRQHandler                           0x08000267   Thumb Code     0  startup_stm32f407xx.o(.text)
    HASH_RNG_IRQHandler                      0x08000267   Thumb Code     0  startup_stm32f407xx.o(.text)
    I2C1_ER_IRQHandler                       0x08000267   Thumb Code     0  startup_stm32f407xx.o(.text)
    I2C1_EV_IRQHandler                       0x08000267   Thumb Code     0  startup_stm32f407xx.o(.text)
    I2C2_ER_IRQHandler                       0x08000267   Thumb Code     0  startup_stm32f407xx.o(.text)
    I2C2_EV_IRQHandler                       0x08000267   Thumb Code     0  startup_stm32f407xx.o(.text)
    I2C3_ER_IRQHandler                       0x08000267   Thumb Code     0  startup_stm32f407xx.o(.text)
    I2C3_EV_IRQHandler                       0x08000267   Thumb Code     0  startup_stm32f407xx.o(.text)
    OTG_FS_IRQHandler                        0x08000267   Thumb Code     0  startup_stm32f407xx.o(.text)
    OTG_FS_WKUP_IRQHandler                   0x08000267   Thumb Code     0  startup_stm32f407xx.o(.text)
    OTG_HS_EP1_IN_IRQHandler                 0x08000267   Thumb Code     0  startup_stm32f407xx.o(.text)
    OTG_HS_EP1_OUT_IRQHandler                0x08000267   Thumb Code     0  startup_stm32f407xx.o(.text)
    OTG_HS_IRQHandler                        0x08000267   Thumb Code     0  startup_stm32f407xx.o(.text)
    OTG_HS_WKUP_IRQHandler                   0x08000267   Thumb Code     0  startup_stm32f407xx.o(.text)
    PVD_IRQHandler                           0x08000267   Thumb Code     0  startup_stm32f407xx.o(.text)
    RCC_IRQHandler                           0x08000267   Thumb Code     0  startup_stm32f407xx.o(.text)
    RTC_Alarm_IRQHandler                     0x08000267   Thumb Code     0  startup_stm32f407xx.o(.text)
    RTC_WKUP_IRQHandler                      0x08000267   Thumb Code     0  startup_stm32f407xx.o(.text)
    SDIO_IRQHandler                          0x08000267   Thumb Code     0  startup_stm32f407xx.o(.text)
    SPI1_IRQHandler                          0x08000267   Thumb Code     0  startup_stm32f407xx.o(.text)
    SPI2_IRQHandler                          0x08000267   Thumb Code     0  startup_stm32f407xx.o(.text)
    SPI3_IRQHandler                          0x08000267   Thumb Code     0  startup_stm32f407xx.o(.text)
    TAMP_STAMP_IRQHandler                    0x08000267   Thumb Code     0  startup_stm32f407xx.o(.text)
    TIM1_BRK_TIM9_IRQHandler                 0x08000267   Thumb Code     0  startup_stm32f407xx.o(.text)
    TIM1_CC_IRQHandler                       0x08000267   Thumb Code     0  startup_stm32f407xx.o(.text)
    TIM1_TRG_COM_TIM11_IRQHandler            0x08000267   Thumb Code     0  startup_stm32f407xx.o(.text)
    TIM1_UP_TIM10_IRQHandler                 0x08000267   Thumb Code     0  startup_stm32f407xx.o(.text)
    TIM2_IRQHandler                          0x08000267   Thumb Code     0  startup_stm32f407xx.o(.text)
    TIM3_IRQHandler                          0x08000267   Thumb Code     0  startup_stm32f407xx.o(.text)
    TIM4_IRQHandler                          0x08000267   Thumb Code     0  startup_stm32f407xx.o(.text)
    TIM5_IRQHandler                          0x08000267   Thumb Code     0  startup_stm32f407xx.o(.text)
    TIM6_DAC_IRQHandler                      0x08000267   Thumb Code     0  startup_stm32f407xx.o(.text)
    TIM7_IRQHandler                          0x08000267   Thumb Code     0  startup_stm32f407xx.o(.text)
    TIM8_BRK_TIM12_IRQHandler                0x08000267   Thumb Code     0  startup_stm32f407xx.o(.text)
    TIM8_CC_IRQHandler                       0x08000267   Thumb Code     0  startup_stm32f407xx.o(.text)
    TIM8_TRG_COM_TIM14_IRQHandler            0x08000267   Thumb Code     0  startup_stm32f407xx.o(.text)
    TIM8_UP_TIM13_IRQHandler                 0x08000267   Thumb Code     0  startup_stm32f407xx.o(.text)
    UART4_IRQHandler                         0x08000267   Thumb Code     0  startup_stm32f407xx.o(.text)
    UART5_IRQHandler                         0x08000267   Thumb Code     0  startup_stm32f407xx.o(.text)
    USART2_IRQHandler                        0x08000267   Thumb Code     0  startup_stm32f407xx.o(.text)
    USART6_IRQHandler                        0x08000267   Thumb Code     0  startup_stm32f407xx.o(.text)
    WWDG_IRQHandler                          0x08000267   Thumb Code     0  startup_stm32f407xx.o(.text)
    __user_initial_stackheap                 0x08000269   Thumb Code     0  startup_stm32f407xx.o(.text)
    __aeabi_uldivmod                         0x0800028d   Thumb Code     0  lludivv7m.o(.text)
    _ll_udiv                                 0x0800028d   Thumb Code   238  lludivv7m.o(.text)
    __aeabi_memclr4                          0x0800037b   Thumb Code     0  rt_memclr_w.o(.text)
    __aeabi_memclr8                          0x0800037b   Thumb Code     0  rt_memclr_w.o(.text)
    __rt_memclr_w                            0x0800037b   Thumb Code    78  rt_memclr_w.o(.text)
    _memset_w                                0x0800037f   Thumb Code     0  rt_memclr_w.o(.text)
    __use_two_region_memory                  0x080003c9   Thumb Code     2  heapauxi.o(.text)
    __rt_heap_escrow                         0x080003cb   Thumb Code     2  heapauxi.o(.text)
    __rt_heap_expand                         0x080003cd   Thumb Code     2  heapauxi.o(.text)
    __cpp_initialize__aeabi_                 0x080003d1   Thumb Code    26  init_aeabi.o(.text)
    __read_errno                             0x080003f5   Thumb Code    10  _rserrno.o(.text)
    __set_errno                              0x080003ff   Thumb Code    12  _rserrno.o(.text)
    __aeabi_errno_addr                       0x0800040d   Thumb Code     8  rt_errno_addr_intlibspace.o(.text)
    __errno$intlibspace                      0x0800040d   Thumb Code     0  rt_errno_addr_intlibspace.o(.text)
    __rt_errno_addr$intlibspace              0x0800040d   Thumb Code     0  rt_errno_addr_intlibspace.o(.text)
    __user_libspace                          0x08000415   Thumb Code     8  libspace.o(.text)
    __user_perproc_libspace                  0x08000415   Thumb Code     0  libspace.o(.text)
    __user_perthread_libspace                0x08000415   Thumb Code     0  libspace.o(.text)
    __user_setup_stackheap                   0x0800041d   Thumb Code    74  sys_stackheap_outer.o(.text)
    exit                                     0x08000467   Thumb Code    18  exit.o(.text)
    _sys_exit                                0x08000479   Thumb Code     8  sys_exit.o(.text)
    __I$use$semihosting                      0x08000485   Thumb Code     0  use_no_semi.o(.text)
    __use_no_semihosting_swi                 0x08000485   Thumb Code     2  use_no_semi.o(.text)
    BusFault_Handler                         0x08000487   Thumb Code     4  stm32f4xx_it.o(i.BusFault_Handler)
    __semihosting_library_function           0x08000487   Thumb Code     0  indicate_semi.o(.text)
    CAN1_RX0_IRQHandler                      0x0800048d   Thumb Code    10  stm32f4xx_it.o(i.CAN1_RX0_IRQHandler)
    CAN1_RX1_IRQHandler                      0x0800049d   Thumb Code    10  stm32f4xx_it.o(i.CAN1_RX1_IRQHandler)
    DMA1_Stream1_IRQHandler                  0x080004ad   Thumb Code    10  stm32f4xx_it.o(i.DMA1_Stream1_IRQHandler)
    DMA1_Stream3_IRQHandler                  0x080004bd   Thumb Code    10  stm32f4xx_it.o(i.DMA1_Stream3_IRQHandler)
    DMA2_Stream2_IRQHandler                  0x080004cd   Thumb Code    10  stm32f4xx_it.o(i.DMA2_Stream2_IRQHandler)
    DMA2_Stream7_IRQHandler                  0x080004dd   Thumb Code    10  stm32f4xx_it.o(i.DMA2_Stream7_IRQHandler)
    DebugMon_Handler                         0x080004ed   Thumb Code     2  stm32f4xx_it.o(i.DebugMon_Handler)
    Error_Handler                            0x080004ef   Thumb Code     6  main.o(i.Error_Handler)
    HAL_CAN_ConfigFilter                     0x080004f5   Thumb Code   286  stm32f4xx_hal_can.o(i.HAL_CAN_ConfigFilter)
    HAL_CAN_ErrorCallback                    0x08000619   Thumb Code     2  stm32f4xx_hal_can.o(i.HAL_CAN_ErrorCallback)
    HAL_CAN_IRQHandler                       0x0800061b   Thumb Code   590  stm32f4xx_hal_can.o(i.HAL_CAN_IRQHandler)
    HAL_CAN_Init                             0x08000869   Thumb Code   372  stm32f4xx_hal_can.o(i.HAL_CAN_Init)
    HAL_CAN_MspInit                          0x080009dd   Thumb Code   156  can.o(i.HAL_CAN_MspInit)
    HAL_CAN_RxFifo0FullCallback              0x08000a85   Thumb Code     2  stm32f4xx_hal_can.o(i.HAL_CAN_RxFifo0FullCallback)
    HAL_CAN_RxFifo0MsgPendingCallback        0x08000a87   Thumb Code     2  callback_can.o(i.HAL_CAN_RxFifo0MsgPendingCallback)
    HAL_CAN_RxFifo1FullCallback              0x08000a89   Thumb Code     2  stm32f4xx_hal_can.o(i.HAL_CAN_RxFifo1FullCallback)
    HAL_CAN_RxFifo1MsgPendingCallback        0x08000a8b   Thumb Code     2  callback_can.o(i.HAL_CAN_RxFifo1MsgPendingCallback)
    HAL_CAN_SleepCallback                    0x08000a8d   Thumb Code     2  stm32f4xx_hal_can.o(i.HAL_CAN_SleepCallback)
    HAL_CAN_Start                            0x08000a8f   Thumb Code    94  stm32f4xx_hal_can.o(i.HAL_CAN_Start)
    HAL_CAN_TxMailbox0AbortCallback          0x08000aed   Thumb Code     2  stm32f4xx_hal_can.o(i.HAL_CAN_TxMailbox0AbortCallback)
    HAL_CAN_TxMailbox0CompleteCallback       0x08000aef   Thumb Code     2  stm32f4xx_hal_can.o(i.HAL_CAN_TxMailbox0CompleteCallback)
    HAL_CAN_TxMailbox1AbortCallback          0x08000af1   Thumb Code     2  stm32f4xx_hal_can.o(i.HAL_CAN_TxMailbox1AbortCallback)
    HAL_CAN_TxMailbox1CompleteCallback       0x08000af3   Thumb Code     2  stm32f4xx_hal_can.o(i.HAL_CAN_TxMailbox1CompleteCallback)
    HAL_CAN_TxMailbox2AbortCallback          0x08000af5   Thumb Code     2  stm32f4xx_hal_can.o(i.HAL_CAN_TxMailbox2AbortCallback)
    HAL_CAN_TxMailbox2CompleteCallback       0x08000af7   Thumb Code     2  stm32f4xx_hal_can.o(i.HAL_CAN_TxMailbox2CompleteCallback)
    HAL_CAN_WakeUpFromRxMsgCallback          0x08000af9   Thumb Code     2  stm32f4xx_hal_can.o(i.HAL_CAN_WakeUpFromRxMsgCallback)
    HAL_DMA_Abort                            0x08000afb   Thumb Code   172  stm32f4xx_hal_dma.o(i.HAL_DMA_Abort)
    HAL_DMA_Abort_IT                         0x08000ba7   Thumb Code    40  stm32f4xx_hal_dma.o(i.HAL_DMA_Abort_IT)
    HAL_DMA_IRQHandler                       0x08000bd1   Thumb Code   570  stm32f4xx_hal_dma.o(i.HAL_DMA_IRQHandler)
    HAL_DMA_Init                             0x08000e11   Thumb Code   232  stm32f4xx_hal_dma.o(i.HAL_DMA_Init)
    HAL_DMA_Start_IT                         0x08000efd   Thumb Code   146  stm32f4xx_hal_dma.o(i.HAL_DMA_Start_IT)
    HAL_Delay                                0x08000f8f   Thumb Code    12  user_delay.o(i.HAL_Delay)
    HAL_GPIO_Init                            0x08000f9d   Thumb Code   454  stm32f4xx_hal_gpio.o(i.HAL_GPIO_Init)
    HAL_GPIO_WritePin                        0x08001191   Thumb Code    12  stm32f4xx_hal_gpio.o(i.HAL_GPIO_WritePin)
    HAL_GetTick                              0x0800119d   Thumb Code     6  stm32f4xx_hal.o(i.HAL_GetTick)
    HAL_IncTick                              0x080011a9   Thumb Code    16  stm32f4xx_hal.o(i.HAL_IncTick)
    HAL_Init                                 0x080011c1   Thumb Code    54  stm32f4xx_hal.o(i.HAL_Init)
    HAL_InitTick                             0x080011fd   Thumb Code    64  stm32f4xx_hal.o(i.HAL_InitTick)
    HAL_MspInit                              0x08001249   Thumb Code    68  stm32f4xx_hal_msp.o(i.HAL_MspInit)
    HAL_NVIC_EnableIRQ                       0x08001291   Thumb Code    40  stm32f4xx_hal_cortex.o(i.HAL_NVIC_EnableIRQ)
    HAL_NVIC_SetPriority                     0x080012b9   Thumb Code   124  stm32f4xx_hal_cortex.o(i.HAL_NVIC_SetPriority)
    HAL_NVIC_SetPriorityGrouping             0x08001335   Thumb Code    32  stm32f4xx_hal_cortex.o(i.HAL_NVIC_SetPriorityGrouping)
    HAL_RCC_ClockConfig                      0x0800135d   Thumb Code   368  stm32f4xx_hal_rcc.o(i.HAL_RCC_ClockConfig)
    HAL_RCC_GetHCLKFreq                      0x080014e1   Thumb Code     6  stm32f4xx_hal_rcc.o(i.HAL_RCC_GetHCLKFreq)
    HAL_RCC_GetPCLK1Freq                     0x080014ed   Thumb Code    22  stm32f4xx_hal_rcc.o(i.HAL_RCC_GetPCLK1Freq)
    HAL_RCC_GetPCLK2Freq                     0x0800150d   Thumb Code    22  stm32f4xx_hal_rcc.o(i.HAL_RCC_GetPCLK2Freq)
    HAL_RCC_GetSysClockFreq                  0x0800152d   Thumb Code   162  stm32f4xx_hal_rcc.o(i.HAL_RCC_GetSysClockFreq)
    HAL_RCC_OscConfig                        0x080015dd   Thumb Code  1172  stm32f4xx_hal_rcc.o(i.HAL_RCC_OscConfig)
    HAL_SYSTICK_Config                       0x08001a79   Thumb Code    52  stm32f4xx_hal_cortex.o(i.HAL_SYSTICK_Config)
    HAL_TIMEx_ConfigBreakDeadTime            0x08001aad   Thumb Code   116  stm32f4xx_hal_tim_ex.o(i.HAL_TIMEx_ConfigBreakDeadTime)
    HAL_TIMEx_MasterConfigSynchronization    0x08001b21   Thumb Code   150  stm32f4xx_hal_tim_ex.o(i.HAL_TIMEx_MasterConfigSynchronization)
    HAL_TIM_Base_Init                        0x08001bd5   Thumb Code   102  stm32f4xx_hal_tim.o(i.HAL_TIM_Base_Init)
    HAL_TIM_Base_MspInit                     0x08001c3d   Thumb Code   176  tim.o(i.HAL_TIM_Base_MspInit)
    HAL_TIM_Base_Start_IT                    0x08001d01   Thumb Code   138  stm32f4xx_hal_tim.o(i.HAL_TIM_Base_Start_IT)
    HAL_TIM_ConfigClockSource                0x08001da9   Thumb Code   268  stm32f4xx_hal_tim.o(i.HAL_TIM_ConfigClockSource)
    HAL_TIM_Encoder_Init                     0x08001eb5   Thumb Code   200  stm32f4xx_hal_tim.o(i.HAL_TIM_Encoder_Init)
    HAL_TIM_Encoder_MspInit                  0x08001f7d   Thumb Code   490  tim.o(i.HAL_TIM_Encoder_MspInit)
    HAL_TIM_Encoder_Start                    0x08002185   Thumb Code   204  stm32f4xx_hal_tim.o(i.HAL_TIM_Encoder_Start)
    HAL_TIM_MspPostInit                      0x08002251   Thumb Code   290  tim.o(i.HAL_TIM_MspPostInit)
    HAL_TIM_PWM_ConfigChannel                0x08002395   Thumb Code   260  stm32f4xx_hal_tim.o(i.HAL_TIM_PWM_ConfigChannel)
    HAL_TIM_PWM_Init                         0x08002499   Thumb Code   102  stm32f4xx_hal_tim.o(i.HAL_TIM_PWM_Init)
    HAL_TIM_PWM_MspInit                      0x08002501   Thumb Code    44  tim.o(i.HAL_TIM_PWM_MspInit)
    HAL_TIM_PWM_Start                        0x08002535   Thumb Code   238  stm32f4xx_hal_tim.o(i.HAL_TIM_PWM_Start)
    HAL_UARTEx_ReceiveToIdle_DMA             0x08002641   Thumb Code   114  stm32f4xx_hal_uart.o(i.HAL_UARTEx_ReceiveToIdle_DMA)
    HAL_UARTEx_RxEventCallback               0x080026b5   Thumb Code    24  callback_uart.o(i.HAL_UARTEx_RxEventCallback)
    HAL_UART_ErrorCallback                   0x080026d5   Thumb Code   158  callback_uart.o(i.HAL_UART_ErrorCallback)
    HAL_UART_GetError                        0x0800277d   Thumb Code     6  stm32f4xx_hal_uart.o(i.HAL_UART_GetError)
    HAL_UART_IRQHandler                      0x08002785   Thumb Code   740  stm32f4xx_hal_uart.o(i.HAL_UART_IRQHandler)
    HAL_UART_Init                            0x08002a6d   Thumb Code   118  stm32f4xx_hal_uart.o(i.HAL_UART_Init)
    HAL_UART_MspInit                         0x08002ae5   Thumb Code   510  usart.o(i.HAL_UART_MspInit)
    HAL_UART_RxCpltCallback                  0x08002d11   Thumb Code     2  stm32f4xx_hal_uart.o(i.HAL_UART_RxCpltCallback)
    HAL_UART_RxHalfCpltCallback              0x08002d13   Thumb Code     2  stm32f4xx_hal_uart.o(i.HAL_UART_RxHalfCpltCallback)
    HAL_UART_TxCpltCallback                  0x08002d15   Thumb Code     2  stm32f4xx_hal_uart.o(i.HAL_UART_TxCpltCallback)
    HardFault_Handler                        0x08002d17   Thumb Code     4  stm32f4xx_it.o(i.HardFault_Handler)
    MX_CAN1_Init                             0x08002d1d   Thumb Code    62  can.o(i.MX_CAN1_Init)
    MX_DMA_Init                              0x08002d65   Thumb Code   130  dma.o(i.MX_DMA_Init)
    MX_GPIO_Init                             0x08002ded   Thumb Code   326  gpio.o(i.MX_GPIO_Init)
    MX_TIM10_Init                            0x08002f41   Thumb Code   100  tim.o(i.MX_TIM10_Init)
    MX_TIM11_Init                            0x08002fad   Thumb Code   100  tim.o(i.MX_TIM11_Init)
    MX_TIM2_Init                             0x08003019   Thumb Code   114  tim.o(i.MX_TIM2_Init)
    MX_TIM3_Init                             0x08003091   Thumb Code   114  tim.o(i.MX_TIM3_Init)
    MX_TIM4_Init                             0x0800310d   Thumb Code   114  tim.o(i.MX_TIM4_Init)
    MX_TIM5_Init                             0x08003189   Thumb Code   112  tim.o(i.MX_TIM5_Init)
    MX_TIM6_Init                             0x08003201   Thumb Code    66  tim.o(i.MX_TIM6_Init)
    MX_TIM8_Init                             0x0800324d   Thumb Code   254  tim.o(i.MX_TIM8_Init)
    MX_TIM9_Init                             0x08003355   Thumb Code   104  tim.o(i.MX_TIM9_Init)
    MX_USART1_UART_Init                      0x080033c5   Thumb Code    46  usart.o(i.MX_USART1_UART_Init)
    MX_USART3_UART_Init                      0x080033fd   Thumb Code    46  usart.o(i.MX_USART3_UART_Init)
    MemManage_Handler                        0x08003435   Thumb Code     4  stm32f4xx_it.o(i.MemManage_Handler)
    NMI_Handler                              0x08003439   Thumb Code     4  stm32f4xx_it.o(i.NMI_Handler)
    PendSV_Handler                           0x0800343d   Thumb Code     2  stm32f4xx_it.o(i.PendSV_Handler)
    SVC_Handler                              0x0800343f   Thumb Code     2  stm32f4xx_it.o(i.SVC_Handler)
    SysTick_Handler                          0x08003441   Thumb Code     8  stm32f4xx_it.o(i.SysTick_Handler)
    SystemInit                               0x08003449   Thumb Code    14  system_stm32f4xx.o(i.SystemInit)
    TIM_Base_SetConfig                       0x0800345d   Thumb Code   186  stm32f4xx_hal_tim.o(i.TIM_Base_SetConfig)
    TIM_CCxChannelCmd                        0x08003545   Thumb Code    34  stm32f4xx_hal_tim.o(i.TIM_CCxChannelCmd)
    TIM_ETR_SetConfig                        0x08003567   Thumb Code    22  stm32f4xx_hal_tim.o(i.TIM_ETR_SetConfig)
    TIM_OC2_SetConfig                        0x0800357d   Thumb Code   114  stm32f4xx_hal_tim.o(i.TIM_OC2_SetConfig)
    UART_Start_Receive_DMA                   0x080035f9   Thumb Code   186  stm32f4xx_hal_uart.o(i.UART_Start_Receive_DMA)
    USART1_IRQHandler                        0x080036c1   Thumb Code    10  stm32f4xx_it.o(i.USART1_IRQHandler)
    USART3_IRQHandler                        0x080036d1   Thumb Code    10  stm32f4xx_it.o(i.USART3_IRQHandler)
    UsageFault_Handler                       0x080036e1   Thumb Code     4  stm32f4xx_it.o(i.UsageFault_Handler)
    User_loop                                0x080036e5   Thumb Code   146  user_main.o(i.User_loop)
    User_setup                               0x0800378d   Thumb Code    68  user_main.o(i.User_setup)
    Delay_Init(unsigned short)               0x080037f5   Thumb Code     6  user_delay.o(i._Z10Delay_Initt)
    CAN_ConfigFilter(CAN_HandleTypeDef*, unsigned char, unsigned, unsigned) 0x08003801   Thumb Code   110  user_can.o(i._Z16CAN_ConfigFilterP17CAN_HandleTypeDefhjj)
    SystemClock_Config()                     0x08003871   Thumb Code   172  main.o(i._Z18SystemClock_Configv)
    UART_ReceiveToIdle_DMA(Struct_UART_Manage_Object*) 0x08003925   Thumb Code    44  user_uart.o(i._Z22UART_ReceiveToIdle_DMAP25Struct_UART_Manage_Object)
    COM_RxCallback_LuBanCat(void*, unsigned char) 0x08003951   Thumb Code    90  communication.o(i._Z23COM_RxCallback_LuBanCatPvh)
    COM_TxCallback_LuBanCat(unsigned char, void*, void*) 0x080039b1   Thumb Code    50  communication.o(i._Z23COM_TxCallback_LuBanCathPvS_)
    COM_OffCallback_LuBanCat()               0x080039e9   Thumb Code    12  communication.o(i._Z24COM_OffCallback_LuBanCatv)
    CAN_Init(Struct_CAN_Manage_Object*)      0x080039f9   Thumb Code   104  user_can.o(i._Z8CAN_InitP24Struct_CAN_Manage_Object)
    Delay_ms(unsigned short)                 0x08003a69   Thumb Code    18  user_delay.o(i._Z8Delay_mst)
    Delay_us(unsigned)                       0x08003a7d   Thumb Code    64  user_delay.o(i._Z8Delay_usj)
    UART_Init(Struct_UART_Manage_Object*, unsigned short) 0x08003ac1   Thumb Code    46  user_uart.o(i._Z9UART_InitP25Struct_UART_Manage_Objectt)
    Class_CustomCOM::Init(unsigned char, unsigned char, unsigned) 0x08003aef   Thumb Code    52  communication.o(i._ZN15Class_CustomCOM4InitEhhj)
    Class_CustomCOM::Class_CustomCOM(void(*)(unsigned char, void*, void*), void(*)(void*, unsigned char), void(*)(), Struct_UART_Manage_Object*) 0x08003b23   Thumb Code    24  communication.o(i._ZN15Class_CustomCOMC1EPFvhPvS0_EPFvS0_hEPFvvEP25Struct_UART_Manage_Object)
    Class_CustomCOM::Class_CustomCOM__sub_object(void(*)(unsigned char, void*, void*), void(*)(void*, unsigned char), void(*)(), Struct_UART_Manage_Object*) 0x08003b23   Thumb Code     0  communication.o(i._ZN15Class_CustomCOMC1EPFvhPvS0_EPFvS0_hEPFvvEP25Struct_UART_Manage_Object)
    Class_Motor_BDC::Init(TIM_HandleTypeDef*, TIM_HandleTypeDef*, unsigned, GPIO_TypeDef*, GPIO_TypeDef*, unsigned, unsigned, float, float, unsigned short, unsigned short) 0x08003b3b   Thumb Code   114  motor.o(i._ZN15Class_Motor_BDC4InitEP17TIM_HandleTypeDefS1_jP12GPIO_TypeDefS3_jjfftt)
    Class_Motor_BDC::Msp_Init()              0x08003bad   Thumb Code   414  motor.o(i._ZN15Class_Motor_BDC8Msp_InitEv)
    Class_Motor_BDC::Class_Motor_BDC()       0x08003d6d   Thumb Code   212  chassis.o(i._ZN15Class_Motor_BDCC1Ev)
    Class_Motor_BDC::Class_Motor_BDC__sub_object() 0x08003d6d   Thumb Code     0  chassis.o(i._ZN15Class_Motor_BDCC1Ev)
    Class_Gear_Slope::Init(float)            0x08003e45   Thumb Code    16  gear.o(i._ZN16Class_Gear_Slope4InitEf)
    Class_Motor_Servo::Init(TIM_HandleTypeDef*, unsigned, float, float, float) 0x08003e55   Thumb Code    60  motor.o(i._ZN17Class_Motor_Servo4InitEP17TIM_HandleTypeDefjfff)
    Class_Motor_Servo::AngleSet(float)       0x08003e95   Thumb Code   210  motor.o(i._ZN17Class_Motor_Servo8AngleSetEf)
    Class_Chassis_Macnum::Set_Motion(float, float, float) 0x08003f71   Thumb Code    26  user_main.o(i._ZN20Class_Chassis_Macnum10Set_MotionEfff)
    Class_Chassis_Macnum::Init(float, unsigned short) 0x08003f8d   Thumb Code   318  chassis.o(i._ZN20Class_Chassis_Macnum4InitEft)
    Class_Chassis_Macnum::Set_Stop(Enum_ChassisState) 0x080040f5   Thumb Code    20  communication.o(i._ZN20Class_Chassis_Macnum8Set_StopE17Enum_ChassisState)
    Class_PID::Init(float, float, float, float, float, float, float, float, float, float, float, Enum_PID_D_First) 0x08004961   Thumb Code    50  pid.o(i._ZN9Class_PID4InitEfffffffffff16Enum_PID_D_First)
    __aeabi_vec_ctor_nocookie_nodtor         0x08004993   Thumb Code    36  aeabi_vec_ctor_nocookie_nodtor.o(i.__aeabi_vec_ctor_nocookie_nodtor)
    __hardfp_fmodf                           0x080049b7   Thumb Code   176  fmodf.o(i.__hardfp_fmodf)
    __mathlib_flt_invalid                    0x08004a69   Thumb Code    10  funder.o(i.__mathlib_flt_invalid)
    main                                     0x08004b09   Thumb Code    76  main.o(i.main)
    __fpl_fnaninf                            0x08004b55   Thumb Code   140  fnaninf.o(x$fpl$fnaninf)
    _fp_init                                 0x08004be1   Thumb Code    10  fpinit.o(x$fpl$fpinit)
    __fplib_config_fpu_vfp                   0x08004be9   Thumb Code     0  fpinit.o(x$fpl$fpinit)
    __fplib_config_pureend_doubles           0x08004be9   Thumb Code     0  fpinit.o(x$fpl$fpinit)
    _frem                                    0x08004bed   Thumb Code   240  frem_clz.o(x$fpl$frem)
    __I$use$fp                               0x08004ce0   Number         0  usenofp.o(x$fpl$usenofp)
    AHBPrescTable                            0x08004ce8   Data          16  system_stm32f4xx.o(.constdata)
    APBPrescTable                            0x08004cf8   Data           8  system_stm32f4xx.o(.constdata)
    Region$$Table$$Base                      0x08004d00   Number         0  anon$$obj.o(Region$$Table)
    Region$$Table$$Limit                     0x08004d20   Number         0  anon$$obj.o(Region$$Table)
    SHT$$INIT_ARRAY$$Base                    0x08004d20   Number         0  chassis.o(.init_array)
    SHT$$INIT_ARRAY$$Limit                   0x08004d28   Number         0  init_aeabi.o(.init_array)
    uwTick                                   0x20000000   Data           4  stm32f4xx_hal.o(.data)
    uwTickPrio                               0x20000004   Data           4  stm32f4xx_hal.o(.data)
    uwTickFreq                               0x20000008   Data           1  stm32f4xx_hal.o(.data)
    SystemCoreClock                          0x2000000c   Data           4  system_stm32f4xx.o(.data)
    CAN1_Manage_Object                       0x20000010   Data          40  user_can.o(.data)
    UART1_Manage_Object                      0x2000003c   Data         520  user_uart.o(.data)
    UART3_Manage_Object                      0x20000244   Data         520  user_uart.o(.data)
    hcan1                                    0x2000044c   Data          40  can.o(.bss)
    htim2                                    0x20000474   Data          72  tim.o(.bss)
    htim3                                    0x200004bc   Data          72  tim.o(.bss)
    htim4                                    0x20000504   Data          72  tim.o(.bss)
    htim5                                    0x2000054c   Data          72  tim.o(.bss)
    htim6                                    0x20000594   Data          72  tim.o(.bss)
    htim8                                    0x200005dc   Data          72  tim.o(.bss)
    htim9                                    0x20000624   Data          72  tim.o(.bss)
    htim10                                   0x2000066c   Data          72  tim.o(.bss)
    htim11                                   0x200006b4   Data          72  tim.o(.bss)
    huart1                                   0x200006fc   Data          72  usart.o(.bss)
    huart3                                   0x20000744   Data          72  usart.o(.bss)
    hdma_usart1_rx                           0x2000078c   Data          96  usart.o(.bss)
    hdma_usart1_tx                           0x200007ec   Data          96  usart.o(.bss)
    hdma_usart3_rx                           0x2000084c   Data          96  usart.o(.bss)
    hdma_usart3_tx                           0x200008ac   Data          96  usart.o(.bss)
    Motor_Test_Servo                         0x2000090c   Data          24  motor.o(.bss)
    Committee_Chariot                        0x20000924   Data         660  chassis.o(.bss)
    COM_LuBanCat                             0x20000bb8   Data         296  communication.o(.bss)
    __libspace_start                         0x20000ce0   Data          96  libspace.o(.bss)
    __temporary_stack_top$libspace           0x20000d40   Data           0  libspace.o(.bss)



==============================================================================

Memory Map of the image

  Image Entry point : 0x08000189

  Load Region LR_IROM1 (Base: 0x08000000, Size: 0x00005174, Max: 0x00100000, ABSOLUTE, COMPRESSED[0x00004d48])

    Execution Region ER_IROM1 (Exec base: 0x08000000, Load base: 0x08000000, Size: 0x00004d28, Max: 0x00100000, ABSOLUTE)

    Exec Addr    Load Addr    Size         Type   Attr      Idx    E Section Name        Object

    0x08000000   0x08000000   0x00000188   Data   RO            3    RESET               startup_stm32f407xx.o
    0x08000188   0x08000188   0x00000008   Code   RO         4924  * !!!main             c_w.l(__main.o)
    0x08000190   0x08000190   0x00000034   Code   RO         5310    !!!scatter          c_w.l(__scatter.o)
    0x080001c4   0x080001c4   0x0000003a   Code   RO         5308    !!dczerorl          c_w.l(__dczerorl.o)
    0x080001fe   0x080001fe   0x00000002   PAD
    0x08000200   0x08000200   0x0000001c   Code   RO         5312    !!handler_zi        c_w.l(__scatter_zi.o)
    0x0800021c   0x0800021c   0x00000002   Code   RO         5113    .ARM.Collect$$libinit$$00000000  c_w.l(libinit.o)
    0x0800021e   0x0800021e   0x00000004   Code   RO         4986    .ARM.Collect$$libinit$$00000001  c_w.l(libinit2.o)
    0x08000222   0x08000222   0x00000000   Code   RO         4989    .ARM.Collect$$libinit$$00000004  c_w.l(libinit2.o)
    0x08000222   0x08000222   0x00000000   Code   RO         4992    .ARM.Collect$$libinit$$0000000A  c_w.l(libinit2.o)
    0x08000222   0x08000222   0x00000000   Code   RO         4994    .ARM.Collect$$libinit$$0000000C  c_w.l(libinit2.o)
    0x08000222   0x08000222   0x00000000   Code   RO         4996    .ARM.Collect$$libinit$$0000000E  c_w.l(libinit2.o)
    0x08000222   0x08000222   0x00000000   Code   RO         4999    .ARM.Collect$$libinit$$00000011  c_w.l(libinit2.o)
    0x08000222   0x08000222   0x00000000   Code   RO         5001    .ARM.Collect$$libinit$$00000013  c_w.l(libinit2.o)
    0x08000222   0x08000222   0x00000000   Code   RO         5003    .ARM.Collect$$libinit$$00000015  c_w.l(libinit2.o)
    0x08000222   0x08000222   0x00000000   Code   RO         5005    .ARM.Collect$$libinit$$00000017  c_w.l(libinit2.o)
    0x08000222   0x08000222   0x00000000   Code   RO         5007    .ARM.Collect$$libinit$$00000019  c_w.l(libinit2.o)
    0x08000222   0x08000222   0x00000000   Code   RO         5009    .ARM.Collect$$libinit$$0000001B  c_w.l(libinit2.o)
    0x08000222   0x08000222   0x00000000   Code   RO         5011    .ARM.Collect$$libinit$$0000001D  c_w.l(libinit2.o)
    0x08000222   0x08000222   0x00000000   Code   RO         5013    .ARM.Collect$$libinit$$0000001F  c_w.l(libinit2.o)
    0x08000222   0x08000222   0x00000000   Code   RO         5015    .ARM.Collect$$libinit$$00000021  c_w.l(libinit2.o)
    0x08000222   0x08000222   0x00000000   Code   RO         5017    .ARM.Collect$$libinit$$00000023  c_w.l(libinit2.o)
    0x08000222   0x08000222   0x00000000   Code   RO         5019    .ARM.Collect$$libinit$$00000025  c_w.l(libinit2.o)
    0x08000222   0x08000222   0x00000000   Code   RO         5023    .ARM.Collect$$libinit$$0000002C  c_w.l(libinit2.o)
    0x08000222   0x08000222   0x00000000   Code   RO         5025    .ARM.Collect$$libinit$$0000002E  c_w.l(libinit2.o)
    0x08000222   0x08000222   0x00000000   Code   RO         5027    .ARM.Collect$$libinit$$00000030  c_w.l(libinit2.o)
    0x08000222   0x08000222   0x00000004   Code   RO         5028    .ARM.Collect$$libinit$$00000031  c_w.l(libinit2.o)
    0x08000226   0x08000226   0x00000000   Code   RO         5029    .ARM.Collect$$libinit$$00000032  c_w.l(libinit2.o)
    0x08000226   0x08000226   0x00000002   Code   RO         5030    .ARM.Collect$$libinit$$00000033  c_w.l(libinit2.o)
    0x08000228   0x08000228   0x00000002   Code   RO         5271    .ARM.Collect$$libshutdown$$00000000  c_w.l(libshutdown.o)
    0x0800022a   0x0800022a   0x00000000   Code   RO         5287    .ARM.Collect$$libshutdown$$00000002  c_w.l(libshutdown2.o)
    0x0800022a   0x0800022a   0x00000000   Code   RO         5289    .ARM.Collect$$libshutdown$$00000004  c_w.l(libshutdown2.o)
    0x0800022a   0x0800022a   0x00000000   Code   RO         5292    .ARM.Collect$$libshutdown$$00000007  c_w.l(libshutdown2.o)
    0x0800022a   0x0800022a   0x00000000   Code   RO         5295    .ARM.Collect$$libshutdown$$0000000A  c_w.l(libshutdown2.o)
    0x0800022a   0x0800022a   0x00000000   Code   RO         5297    .ARM.Collect$$libshutdown$$0000000C  c_w.l(libshutdown2.o)
    0x0800022a   0x0800022a   0x00000000   Code   RO         5300    .ARM.Collect$$libshutdown$$0000000F  c_w.l(libshutdown2.o)
    0x0800022a   0x0800022a   0x00000002   Code   RO         5301    .ARM.Collect$$libshutdown$$00000010  c_w.l(libshutdown2.o)
    0x0800022c   0x0800022c   0x00000000   Code   RO         4979    .ARM.Collect$$rtentry$$00000000  c_w.l(__rtentry.o)
    0x0800022c   0x0800022c   0x00000000   Code   RO         5065    .ARM.Collect$$rtentry$$00000002  c_w.l(__rtentry2.o)
    0x0800022c   0x0800022c   0x00000006   Code   RO         5077    .ARM.Collect$$rtentry$$00000004  c_w.l(__rtentry4.o)
    0x08000232   0x08000232   0x00000000   Code   RO         5067    .ARM.Collect$$rtentry$$00000009  c_w.l(__rtentry2.o)
    0x08000232   0x08000232   0x00000004   Code   RO         5068    .ARM.Collect$$rtentry$$0000000A  c_w.l(__rtentry2.o)
    0x08000236   0x08000236   0x00000000   Code   RO         5070    .ARM.Collect$$rtentry$$0000000C  c_w.l(__rtentry2.o)
    0x08000236   0x08000236   0x00000008   Code   RO         5071    .ARM.Collect$$rtentry$$0000000D  c_w.l(__rtentry2.o)
    0x0800023e   0x0800023e   0x00000002   Code   RO         5123    .ARM.Collect$$rtexit$$00000000  c_w.l(rtexit.o)
    0x08000240   0x08000240   0x00000000   Code   RO         5211    .ARM.Collect$$rtexit$$00000002  c_w.l(rtexit2.o)
    0x08000240   0x08000240   0x00000004   Code   RO         5212    .ARM.Collect$$rtexit$$00000003  c_w.l(rtexit2.o)
    0x08000244   0x08000244   0x00000006   Code   RO         5213    .ARM.Collect$$rtexit$$00000004  c_w.l(rtexit2.o)
    0x0800024a   0x0800024a   0x00000002   PAD
    0x0800024c   0x0800024c   0x00000040   Code   RO            4    .text               startup_stm32f407xx.o
    0x0800028c   0x0800028c   0x000000ee   Code   RO         4916    .text               c_w.l(lludivv7m.o)
    0x0800037a   0x0800037a   0x0000004e   Code   RO         4920    .text               c_w.l(rt_memclr_w.o)
    0x080003c8   0x080003c8   0x00000006   Code   RO         4922    .text               c_w.l(heapauxi.o)
    0x080003ce   0x080003ce   0x00000002   PAD
    0x080003d0   0x080003d0   0x00000024   Code   RO         4929    .text               c_w.l(init_aeabi.o)
    0x080003f4   0x080003f4   0x00000016   Code   RO         4984    .text               c_w.l(_rserrno.o)
    0x0800040a   0x0800040a   0x00000002   PAD
    0x0800040c   0x0800040c   0x00000008   Code   RO         5084    .text               c_w.l(rt_errno_addr_intlibspace.o)
    0x08000414   0x08000414   0x00000008   Code   RO         5093    .text               c_w.l(libspace.o)
    0x0800041c   0x0800041c   0x0000004a   Code   RO         5096    .text               c_w.l(sys_stackheap_outer.o)
    0x08000466   0x08000466   0x00000012   Code   RO         5098    .text               c_w.l(exit.o)
    0x08000478   0x08000478   0x0000000c   Code   RO         5203    .text               c_w.l(sys_exit.o)
    0x08000484   0x08000484   0x00000002   Code   RO         5205    .text               c_w.l(use_no_semi.o)
    0x08000486   0x08000486   0x00000000   Code   RO         5209    .text               c_w.l(indicate_semi.o)
    0x08000486   0x08000486   0x00000004   Code   RO          555    i.BusFault_Handler  stm32f4xx_it.o
    0x0800048a   0x0800048a   0x00000002   PAD
    0x0800048c   0x0800048c   0x00000010   Code   RO          556    i.CAN1_RX0_IRQHandler  stm32f4xx_it.o
    0x0800049c   0x0800049c   0x00000010   Code   RO          557    i.CAN1_RX1_IRQHandler  stm32f4xx_it.o
    0x080004ac   0x080004ac   0x00000010   Code   RO          558    i.DMA1_Stream1_IRQHandler  stm32f4xx_it.o
    0x080004bc   0x080004bc   0x00000010   Code   RO          559    i.DMA1_Stream3_IRQHandler  stm32f4xx_it.o
    0x080004cc   0x080004cc   0x00000010   Code   RO          560    i.DMA2_Stream2_IRQHandler  stm32f4xx_it.o
    0x080004dc   0x080004dc   0x00000010   Code   RO          561    i.DMA2_Stream7_IRQHandler  stm32f4xx_it.o
    0x080004ec   0x080004ec   0x00000002   Code   RO          562    i.DebugMon_Handler  stm32f4xx_it.o
    0x080004ee   0x080004ee   0x00000006   Code   RO           13    i.Error_Handler     main.o
    0x080004f4   0x080004f4   0x00000124   Code   RO          724    i.HAL_CAN_ConfigFilter  stm32f4xx_hal_can.o
    0x08000618   0x08000618   0x00000002   Code   RO          727    i.HAL_CAN_ErrorCallback  stm32f4xx_hal_can.o
    0x0800061a   0x0800061a   0x0000024e   Code   RO          734    i.HAL_CAN_IRQHandler  stm32f4xx_hal_can.o
    0x08000868   0x08000868   0x00000174   Code   RO          735    i.HAL_CAN_Init      stm32f4xx_hal_can.o
    0x080009dc   0x080009dc   0x000000a8   Code   RO          295    i.HAL_CAN_MspInit   can.o
    0x08000a84   0x08000a84   0x00000002   Code   RO          742    i.HAL_CAN_RxFifo0FullCallback  stm32f4xx_hal_can.o
    0x08000a86   0x08000a86   0x00000002   Code   RO         4505    i.HAL_CAN_RxFifo0MsgPendingCallback  callback_can.o
    0x08000a88   0x08000a88   0x00000002   Code   RO          744    i.HAL_CAN_RxFifo1FullCallback  stm32f4xx_hal_can.o
    0x08000a8a   0x08000a8a   0x00000002   Code   RO         4506    i.HAL_CAN_RxFifo1MsgPendingCallback  callback_can.o
    0x08000a8c   0x08000a8c   0x00000002   Code   RO          746    i.HAL_CAN_SleepCallback  stm32f4xx_hal_can.o
    0x08000a8e   0x08000a8e   0x0000005e   Code   RO          747    i.HAL_CAN_Start     stm32f4xx_hal_can.o
    0x08000aec   0x08000aec   0x00000002   Code   RO          749    i.HAL_CAN_TxMailbox0AbortCallback  stm32f4xx_hal_can.o
    0x08000aee   0x08000aee   0x00000002   Code   RO          750    i.HAL_CAN_TxMailbox0CompleteCallback  stm32f4xx_hal_can.o
    0x08000af0   0x08000af0   0x00000002   Code   RO          751    i.HAL_CAN_TxMailbox1AbortCallback  stm32f4xx_hal_can.o
    0x08000af2   0x08000af2   0x00000002   Code   RO          752    i.HAL_CAN_TxMailbox1CompleteCallback  stm32f4xx_hal_can.o
    0x08000af4   0x08000af4   0x00000002   Code   RO          753    i.HAL_CAN_TxMailbox2AbortCallback  stm32f4xx_hal_can.o
    0x08000af6   0x08000af6   0x00000002   Code   RO          754    i.HAL_CAN_TxMailbox2CompleteCallback  stm32f4xx_hal_can.o
    0x08000af8   0x08000af8   0x00000002   Code   RO          756    i.HAL_CAN_WakeUpFromRxMsgCallback  stm32f4xx_hal_can.o
    0x08000afa   0x08000afa   0x000000ac   Code   RO         1560    i.HAL_DMA_Abort     stm32f4xx_hal_dma.o
    0x08000ba6   0x08000ba6   0x00000028   Code   RO         1561    i.HAL_DMA_Abort_IT  stm32f4xx_hal_dma.o
    0x08000bce   0x08000bce   0x00000002   PAD
    0x08000bd0   0x08000bd0   0x00000240   Code   RO         1565    i.HAL_DMA_IRQHandler  stm32f4xx_hal_dma.o
    0x08000e10   0x08000e10   0x000000ec   Code   RO         1566    i.HAL_DMA_Init      stm32f4xx_hal_dma.o
    0x08000efc   0x08000efc   0x00000092   Code   RO         1569    i.HAL_DMA_Start_IT  stm32f4xx_hal_dma.o
    0x08000f8e   0x08000f8e   0x0000000c   Code   RO         4014    i.HAL_Delay         user_delay.o
    0x08000f9a   0x08000f9a   0x00000002   PAD
    0x08000f9c   0x08000f9c   0x000001f4   Code   RO         1444    i.HAL_GPIO_Init     stm32f4xx_hal_gpio.o
    0x08001190   0x08001190   0x0000000c   Code   RO         1448    i.HAL_GPIO_WritePin  stm32f4xx_hal_gpio.o
    0x0800119c   0x0800119c   0x0000000c   Code   RO         2058    i.HAL_GetTick       stm32f4xx_hal.o
    0x080011a8   0x080011a8   0x00000018   Code   RO         2064    i.HAL_IncTick       stm32f4xx_hal.o
    0x080011c0   0x080011c0   0x0000003c   Code   RO         2065    i.HAL_Init          stm32f4xx_hal.o
    0x080011fc   0x080011fc   0x0000004c   Code   RO         2066    i.HAL_InitTick      stm32f4xx_hal.o
    0x08001248   0x08001248   0x00000048   Code   RO          696    i.HAL_MspInit       stm32f4xx_hal_msp.o
    0x08001290   0x08001290   0x00000028   Code   RO         1884    i.HAL_NVIC_EnableIRQ  stm32f4xx_hal_cortex.o
    0x080012b8   0x080012b8   0x0000007c   Code   RO         1890    i.HAL_NVIC_SetPriority  stm32f4xx_hal_cortex.o
    0x08001334   0x08001334   0x00000028   Code   RO         1891    i.HAL_NVIC_SetPriorityGrouping  stm32f4xx_hal_cortex.o
    0x0800135c   0x0800135c   0x00000184   Code   RO          992    i.HAL_RCC_ClockConfig  stm32f4xx_hal_rcc.o
    0x080014e0   0x080014e0   0x0000000c   Code   RO          997    i.HAL_RCC_GetHCLKFreq  stm32f4xx_hal_rcc.o
    0x080014ec   0x080014ec   0x00000020   Code   RO          999    i.HAL_RCC_GetPCLK1Freq  stm32f4xx_hal_rcc.o
    0x0800150c   0x0800150c   0x00000020   Code   RO         1000    i.HAL_RCC_GetPCLK2Freq  stm32f4xx_hal_rcc.o
    0x0800152c   0x0800152c   0x000000b0   Code   RO         1001    i.HAL_RCC_GetSysClockFreq  stm32f4xx_hal_rcc.o
    0x080015dc   0x080015dc   0x0000049c   Code   RO         1004    i.HAL_RCC_OscConfig  stm32f4xx_hal_rcc.o
    0x08001a78   0x08001a78   0x00000034   Code   RO         1895    i.HAL_SYSTICK_Config  stm32f4xx_hal_cortex.o
    0x08001aac   0x08001aac   0x00000074   Code   RO         3178    i.HAL_TIMEx_ConfigBreakDeadTime  stm32f4xx_hal_tim_ex.o
    0x08001b20   0x08001b20   0x000000b4   Code   RO         3194    i.HAL_TIMEx_MasterConfigSynchronization  stm32f4xx_hal_tim_ex.o
    0x08001bd4   0x08001bd4   0x00000066   Code   RO         2341    i.HAL_TIM_Base_Init  stm32f4xx_hal_tim.o
    0x08001c3a   0x08001c3a   0x00000002   PAD
    0x08001c3c   0x08001c3c   0x000000c4   Code   RO          368    i.HAL_TIM_Base_MspInit  tim.o
    0x08001d00   0x08001d00   0x000000a8   Code   RO         2346    i.HAL_TIM_Base_Start_IT  stm32f4xx_hal_tim.o
    0x08001da8   0x08001da8   0x0000010c   Code   RO         2350    i.HAL_TIM_ConfigClockSource  stm32f4xx_hal_tim.o
    0x08001eb4   0x08001eb4   0x000000c8   Code   RO         2362    i.HAL_TIM_Encoder_Init  stm32f4xx_hal_tim.o
    0x08001f7c   0x08001f7c   0x00000208   Code   RO          370    i.HAL_TIM_Encoder_MspInit  tim.o
    0x08002184   0x08002184   0x000000cc   Code   RO         2365    i.HAL_TIM_Encoder_Start  stm32f4xx_hal_tim.o
    0x08002250   0x08002250   0x00000144   Code   RO          371    i.HAL_TIM_MspPostInit  tim.o
    0x08002394   0x08002394   0x00000104   Code   RO         2413    i.HAL_TIM_PWM_ConfigChannel  stm32f4xx_hal_tim.o
    0x08002498   0x08002498   0x00000066   Code   RO         2416    i.HAL_TIM_PWM_Init  stm32f4xx_hal_tim.o
    0x080024fe   0x080024fe   0x00000002   PAD
    0x08002500   0x08002500   0x00000034   Code   RO          373    i.HAL_TIM_PWM_MspInit  tim.o
    0x08002534   0x08002534   0x0000010c   Code   RO         2421    i.HAL_TIM_PWM_Start  stm32f4xx_hal_tim.o
    0x08002640   0x08002640   0x00000072   Code   RO         3494    i.HAL_UARTEx_ReceiveToIdle_DMA  stm32f4xx_hal_uart.o
    0x080026b2   0x080026b2   0x00000002   PAD
    0x080026b4   0x080026b4   0x00000020   Code   RO         4602    i.HAL_UARTEx_RxEventCallback  callback_uart.o
    0x080026d4   0x080026d4   0x000000a8   Code   RO         4603    i.HAL_UART_ErrorCallback  callback_uart.o
    0x0800277c   0x0800277c   0x00000006   Code   RO         3511    i.HAL_UART_GetError  stm32f4xx_hal_uart.o
    0x08002782   0x08002782   0x00000002   PAD
    0x08002784   0x08002784   0x000002e8   Code   RO         3513    i.HAL_UART_IRQHandler  stm32f4xx_hal_uart.o
    0x08002a6c   0x08002a6c   0x00000076   Code   RO         3514    i.HAL_UART_Init     stm32f4xx_hal_uart.o
    0x08002ae2   0x08002ae2   0x00000002   PAD
    0x08002ae4   0x08002ae4   0x0000022c   Code   RO          504    i.HAL_UART_MspInit  usart.o
    0x08002d10   0x08002d10   0x00000002   Code   RO         3520    i.HAL_UART_RxCpltCallback  stm32f4xx_hal_uart.o
    0x08002d12   0x08002d12   0x00000002   Code   RO         3521    i.HAL_UART_RxHalfCpltCallback  stm32f4xx_hal_uart.o
    0x08002d14   0x08002d14   0x00000002   Code   RO         3525    i.HAL_UART_TxCpltCallback  stm32f4xx_hal_uart.o
    0x08002d16   0x08002d16   0x00000004   Code   RO          563    i.HardFault_Handler  stm32f4xx_it.o
    0x08002d1a   0x08002d1a   0x00000002   PAD
    0x08002d1c   0x08002d1c   0x00000048   Code   RO          296    i.MX_CAN1_Init      can.o
    0x08002d64   0x08002d64   0x00000088   Code   RO          339    i.MX_DMA_Init       dma.o
    0x08002dec   0x08002dec   0x00000154   Code   RO          173    i.MX_GPIO_Init      gpio.o
    0x08002f40   0x08002f40   0x0000006c   Code   RO          374    i.MX_TIM10_Init     tim.o
    0x08002fac   0x08002fac   0x0000006c   Code   RO          375    i.MX_TIM11_Init     tim.o
    0x08003018   0x08003018   0x00000078   Code   RO          376    i.MX_TIM2_Init      tim.o
    0x08003090   0x08003090   0x0000007c   Code   RO          377    i.MX_TIM3_Init      tim.o
    0x0800310c   0x0800310c   0x0000007c   Code   RO          378    i.MX_TIM4_Init      tim.o
    0x08003188   0x08003188   0x00000078   Code   RO          379    i.MX_TIM5_Init      tim.o
    0x08003200   0x08003200   0x0000004c   Code   RO          380    i.MX_TIM6_Init      tim.o
    0x0800324c   0x0800324c   0x00000108   Code   RO          381    i.MX_TIM8_Init      tim.o
    0x08003354   0x08003354   0x00000070   Code   RO          382    i.MX_TIM9_Init      tim.o
    0x080033c4   0x080033c4   0x00000038   Code   RO          505    i.MX_USART1_UART_Init  usart.o
    0x080033fc   0x080033fc   0x00000038   Code   RO          506    i.MX_USART3_UART_Init  usart.o
    0x08003434   0x08003434   0x00000004   Code   RO          564    i.MemManage_Handler  stm32f4xx_it.o
    0x08003438   0x08003438   0x00000004   Code   RO          565    i.NMI_Handler       stm32f4xx_it.o
    0x0800343c   0x0800343c   0x00000002   Code   RO          566    i.PendSV_Handler    stm32f4xx_it.o
    0x0800343e   0x0800343e   0x00000002   Code   RO          567    i.SVC_Handler       stm32f4xx_it.o
    0x08003440   0x08003440   0x00000008   Code   RO          568    i.SysTick_Handler   stm32f4xx_it.o
    0x08003448   0x08003448   0x00000014   Code   RO         3920    i.SystemInit        system_stm32f4xx.o
    0x0800345c   0x0800345c   0x000000e8   Code   RO         2434    i.TIM_Base_SetConfig  stm32f4xx_hal_tim.o
    0x08003544   0x08003544   0x00000022   Code   RO         2435    i.TIM_CCxChannelCmd  stm32f4xx_hal_tim.o
    0x08003566   0x08003566   0x00000016   Code   RO         2440    i.TIM_ETR_SetConfig  stm32f4xx_hal_tim.o
    0x0800357c   0x0800357c   0x0000007c   Code   RO         2441    i.TIM_OC2_SetConfig  stm32f4xx_hal_tim.o
    0x080035f8   0x080035f8   0x000000c8   Code   RO         3527    i.UART_Start_Receive_DMA  stm32f4xx_hal_uart.o
    0x080036c0   0x080036c0   0x00000010   Code   RO          569    i.USART1_IRQHandler  stm32f4xx_it.o
    0x080036d0   0x080036d0   0x00000010   Code   RO          570    i.USART3_IRQHandler  stm32f4xx_it.o
    0x080036e0   0x080036e0   0x00000004   Code   RO          571    i.UsageFault_Handler  stm32f4xx_it.o
    0x080036e4   0x080036e4   0x000000a8   Code   RO         4641    i.User_loop         user_main.o
    0x0800378c   0x0800378c   0x00000068   Code   RO         4642    i.User_setup        user_main.o
    0x080037f4   0x080037f4   0x0000000c   Code   RO         4015    i._Z10Delay_Initt   user_delay.o
    0x08003800   0x08003800   0x0000006e   Code   RO         3959    i._Z16CAN_ConfigFilterP17CAN_HandleTypeDefhjj  user_can.o
    0x0800386e   0x0800386e   0x00000002   PAD
    0x08003870   0x08003870   0x000000b4   Code   RO           14    i._Z18SystemClock_Configv  main.o
    0x08003924   0x08003924   0x0000002c   Code   RO         4065    i._Z22UART_ReceiveToIdle_DMAP25Struct_UART_Manage_Object  user_uart.o
    0x08003950   0x08003950   0x00000060   Code   RO         4398    i._Z23COM_RxCallback_LuBanCatPvh  communication.o
    0x080039b0   0x080039b0   0x00000038   Code   RO         4399    i._Z23COM_TxCallback_LuBanCathPvS_  communication.o
    0x080039e8   0x080039e8   0x00000010   Code   RO         4400    i._Z24COM_OffCallback_LuBanCatv  communication.o
    0x080039f8   0x080039f8   0x00000070   Code   RO         3961    i._Z8CAN_InitP24Struct_CAN_Manage_Object  user_can.o
    0x08003a68   0x08003a68   0x00000012   Code   RO         4016    i._Z8Delay_mst      user_delay.o
    0x08003a7a   0x08003a7a   0x00000002   PAD
    0x08003a7c   0x08003a7c   0x00000044   Code   RO         4017    i._Z8Delay_usj      user_delay.o
    0x08003ac0   0x08003ac0   0x0000002e   Code   RO         4066    i._Z9UART_InitP25Struct_UART_Manage_Objectt  user_uart.o
    0x08003aee   0x08003aee   0x00000034   Code   RO         4403    i._ZN15Class_CustomCOM4InitEhhj  communication.o
    0x08003b22   0x08003b22   0x00000018   Code   RO         4405    i._ZN15Class_CustomCOMC1EPFvhPvS0_EPFvS0_hEPFvvEP25Struct_UART_Manage_Object  communication.o
    0x08003b3a   0x08003b3a   0x00000072   Code   RO         4153    i._ZN15Class_Motor_BDC4InitEP17TIM_HandleTypeDefS1_jP12GPIO_TypeDefS3_jjfftt  motor.o
    0x08003bac   0x08003bac   0x000001c0   Code   RO         4233    i._ZN15Class_Motor_BDC8Msp_InitEv  motor.o
    0x08003d6c   0x08003d6c   0x000000d8   Code   RO         4372    i._ZN15Class_Motor_BDCC1Ev  chassis.o
    0x08003e44   0x08003e44   0x00000010   Code   RO         4847    i._ZN16Class_Gear_Slope4InitEf  gear.o
    0x08003e54   0x08003e54   0x00000040   Code   RO         4161    i._ZN17Class_Motor_Servo4InitEP17TIM_HandleTypeDefjfff  motor.o
    0x08003e94   0x08003e94   0x000000dc   Code   RO         4162    i._ZN17Class_Motor_Servo8AngleSetEf  motor.o
    0x08003f70   0x08003f70   0x0000001a   Code   RO         4667    i._ZN20Class_Chassis_Macnum10Set_MotionEfff  user_main.o
    0x08003f8a   0x08003f8a   0x00000002   PAD
    0x08003f8c   0x08003f8c   0x00000168   Code   RO         4328    i._ZN20Class_Chassis_Macnum4InitEft  chassis.o
    0x080040f4   0x080040f4   0x00000014   Code   RO         4469    i._ZN20Class_Chassis_Macnum8Set_StopE17Enum_ChassisState  communication.o
    0x08004108   0x08004108   0x0000002c   Code   RO         1572    i._ZN41_INTERNAL_19_stm32f4xx_hal_dma_c_c25f65ec13DMA_SetConfigEP19__DMA_HandleTypeDefjjj  stm32f4xx_hal_dma.o
    0x08004134   0x08004134   0x000000aa   Code   RO         1573    i._ZN41_INTERNAL_19_stm32f4xx_hal_dma_c_c25f65ec18DMA_CheckFifoParamEP19__DMA_HandleTypeDef  stm32f4xx_hal_dma.o
    0x080041de   0x080041de   0x00000002   PAD
    0x080041e0   0x080041e0   0x00000034   Code   RO         1574    i._ZN41_INTERNAL_19_stm32f4xx_hal_dma_c_c25f65ec23DMA_CalcBaseAndBitshiftEP19__DMA_HandleTypeDef  stm32f4xx_hal_dma.o
    0x08004214   0x08004214   0x00000070   Code   RO         2443    i._ZN41_INTERNAL_19_stm32f4xx_hal_tim_c_a9d95b5217TIM_OC1_SetConfigEP11TIM_TypeDefPK18TIM_OC_InitTypeDef  stm32f4xx_hal_tim.o
    0x08004284   0x08004284   0x00000078   Code   RO         2444    i._ZN41_INTERNAL_19_stm32f4xx_hal_tim_c_a9d95b5217TIM_OC3_SetConfigEP11TIM_TypeDefPK18TIM_OC_InitTypeDef  stm32f4xx_hal_tim.o
    0x080042fc   0x080042fc   0x00000054   Code   RO         2445    i._ZN41_INTERNAL_19_stm32f4xx_hal_tim_c_a9d95b5217TIM_OC4_SetConfigEP11TIM_TypeDefPK18TIM_OC_InitTypeDef  stm32f4xx_hal_tim.o
    0x08004350   0x08004350   0x00000012   Code   RO         2450    i._ZN41_INTERNAL_19_stm32f4xx_hal_tim_c_a9d95b5218TIM_ITRx_SetConfigEP11TIM_TypeDefj  stm32f4xx_hal_tim.o
    0x08004362   0x08004362   0x00000026   Code   RO         2455    i._ZN41_INTERNAL_19_stm32f4xx_hal_tim_c_a9d95b5224TIM_TI1_ConfigInputStageEP11TIM_TypeDefjj  stm32f4xx_hal_tim.o
    0x08004388   0x08004388   0x00000028   Code   RO         2456    i._ZN41_INTERNAL_19_stm32f4xx_hal_tim_c_a9d95b5224TIM_TI2_ConfigInputStageEP11TIM_TypeDefjj  stm32f4xx_hal_tim.o
    0x080043b0   0x080043b0   0x00000050   Code   RO         3529    i._ZN42_INTERNAL_20_stm32f4xx_hal_uart_c_d497114f13UART_DMAErrorEP19__DMA_HandleTypeDef  stm32f4xx_hal_uart.o
    0x08004400   0x08004400   0x0000022c   Code   RO         3530    i._ZN42_INTERNAL_20_stm32f4xx_hal_uart_c_d497114f14UART_SetConfigEP20__UART_HandleTypeDef  stm32f4xx_hal_uart.o
    0x0800462c   0x0800462c   0x000000fc   Code   RO         3531    i._ZN42_INTERNAL_20_stm32f4xx_hal_uart_c_d497114f15UART_Receive_ITEP20__UART_HandleTypeDef  stm32f4xx_hal_uart.o
    0x08004728   0x08004728   0x00000060   Code   RO         3532    i._ZN42_INTERNAL_20_stm32f4xx_hal_uart_c_d497114f16UART_Transmit_ITEP20__UART_HandleTypeDef  stm32f4xx_hal_uart.o
    0x08004788   0x08004788   0x00000024   Code   RO         3533    i._ZN42_INTERNAL_20_stm32f4xx_hal_uart_c_d497114f18UART_DMARxHalfCpltEP19__DMA_HandleTypeDef  stm32f4xx_hal_uart.o
    0x080047ac   0x080047ac   0x0000006c   Code   RO         3535    i._ZN42_INTERNAL_20_stm32f4xx_hal_uart_c_d497114f18UART_EndRxTransferEP20__UART_HandleTypeDef  stm32f4xx_hal_uart.o
    0x08004818   0x08004818   0x00000026   Code   RO         3536    i._ZN42_INTERNAL_20_stm32f4xx_hal_uart_c_d497114f18UART_EndTxTransferEP20__UART_HandleTypeDef  stm32f4xx_hal_uart.o
    0x0800483e   0x0800483e   0x000000b4   Code   RO         3537    i._ZN42_INTERNAL_20_stm32f4xx_hal_uart_c_d497114f19UART_DMAReceiveCpltEP19__DMA_HandleTypeDef  stm32f4xx_hal_uart.o
    0x080048f2   0x080048f2   0x00000020   Code   RO         3538    i._ZN42_INTERNAL_20_stm32f4xx_hal_uart_c_d497114f19UART_EndTransmit_ITEP20__UART_HandleTypeDef  stm32f4xx_hal_uart.o
    0x08004912   0x08004912   0x00000014   Code   RO         3539    i._ZN42_INTERNAL_20_stm32f4xx_hal_uart_c_d497114f20UART_DMAAbortOnErrorEP19__DMA_HandleTypeDef  stm32f4xx_hal_uart.o
    0x08004926   0x08004926   0x00000002   PAD
    0x08004928   0x08004928   0x00000028   Code   RO         1897    i._ZN44_INTERNAL_22_stm32f4xx_hal_cortex_c_2992dbc018__NVIC_SetPriorityE9IRQn_Typej  stm32f4xx_hal_cortex.o
    0x08004950   0x08004950   0x00000010   Code   RO         1898    i._ZN44_INTERNAL_22_stm32f4xx_hal_cortex_c_2992dbc026__NVIC_GetPriorityGroupingEv  stm32f4xx_hal_cortex.o
    0x08004960   0x08004960   0x00000032   Code   RO         4877    i._ZN9Class_PID4InitEfffffffffff16Enum_PID_D_First  pid.o
    0x08004992   0x08004992   0x00000024   Code   RO         4932    i.__aeabi_vec_ctor_nocookie_nodtor  cpprt_w.l(aeabi_vec_ctor_nocookie_nodtor.o)
    0x080049b6   0x080049b6   0x000000b0   Code   RO         4955    i.__hardfp_fmodf    m_wm.l(fmodf.o)
    0x08004a66   0x08004a66   0x00000002   PAD
    0x08004a68   0x08004a68   0x00000010   Code   RO         5050    i.__mathlib_flt_invalid  m_wm.l(funder.o)
    0x08004a78   0x08004a78   0x00000068   Code   RO         4330    i.__sti___11_Chassis_cpp_be49aacf  chassis.o
    0x08004ae0   0x08004ae0   0x00000028   Code   RO         4406    i.__sti___17_Communication_cpp_1b3ccd2f  communication.o
    0x08004b08   0x08004b08   0x0000004c   Code   RO           15    i.main              main.o
    0x08004b54   0x08004b54   0x0000008c   Code   RO         5038    x$fpl$fnaninf       fz_wm.l(fnaninf.o)
    0x08004be0   0x08004be0   0x0000000a   Code   RO         5091    x$fpl$fpinit        fz_wm.l(fpinit.o)
    0x08004bea   0x08004bea   0x00000002   PAD
    0x08004bec   0x08004bec   0x000000f4   Code   RO         5040    x$fpl$frem          fz_wm.l(frem_clz.o)
    0x08004ce0   0x08004ce0   0x00000000   Code   RO         5044    x$fpl$usenofp       fz_wm.l(usenofp.o)
    0x08004ce0   0x08004ce0   0x00000008   Data   RO         1590    .constdata          stm32f4xx_hal_dma.o
    0x08004ce8   0x08004ce8   0x00000018   Data   RO         3923    .constdata          system_stm32f4xx.o
    0x08004d00   0x08004d00   0x00000020   Data   RO         5306    Region$$Table       anon$$obj.o
    0x08004d20   0x08004d20   0x00000004   Data   RO         4335    .init_array         chassis.o
    0x08004d24   0x08004d20   0x00000004   Data   RO         4418    .init_array         communication.o
    0x08004d28   0x08004d20   0x00000000   Data   RO         4927    .init_array         c_w.l(init_aeabi.o)


    Execution Region RW_IRAM1 (Exec base: 0x20000000, Load base: 0x08004d28, Size: 0x00001340, Max: 0x0001c000, ABSOLUTE, COMPRESSED[0x00000020])

    Exec Addr    Load Addr    Size         Type   Attr      Idx    E Section Name        Object

    0x20000000   COMPRESSED   0x00000009   Data   RW         2099    .data               stm32f4xx_hal.o
    0x20000009   COMPRESSED   0x00000003   PAD
    0x2000000c   COMPRESSED   0x00000004   Data   RW         3924    .data               system_stm32f4xx.o
    0x20000010   COMPRESSED   0x00000028   Data   RW         3966    .data               user_can.o
    0x20000038   COMPRESSED   0x00000004   Data   RW         4022    .data               user_delay.o
    0x2000003c   COMPRESSED   0x00000410   Data   RW         4071    .data               user_uart.o
    0x2000044c        -       0x00000028   Zero   RW          300    .bss                can.o
    0x20000474        -       0x00000288   Zero   RW          399    .bss                tim.o
    0x200006fc        -       0x00000210   Zero   RW          511    .bss                usart.o
    0x2000090c        -       0x00000018   Zero   RW         4174    .bss                motor.o
    0x20000924        -       0x00000294   Zero   RW         4334    .bss                chassis.o
    0x20000bb8        -       0x00000128   Zero   RW         4416    .bss                communication.o
    0x20000ce0        -       0x00000060   Zero   RW         5094    .bss                c_w.l(libspace.o)
    0x20000d40        -       0x00000200   Zero   RW            2    HEAP                startup_stm32f407xx.o
    0x20000f40        -       0x00000400   Zero   RW            1    STACK               startup_stm32f407xx.o


    Execution Region RW_IRAM2 (Exec base: 0x2001c000, Load base: 0x08004d48, Size: 0x00000000, Max: 0x00004000, ABSOLUTE)

    **** No section assigned to this execution region ****


==============================================================================

Image component sizes


      Code (inc. data)   RO Data    RW Data    ZI Data      Debug   Object Name

         4          0          0          0          0       1456   callback_can.o
         0          0          0          0          0       4979   callback_tim.o
       200         18          0          0          0       1786   callback_uart.o
       240         22          0          0         40       1745   can.o
       680         72          4          0        660       5107   chassis.o
       304         36          4          0        296      11811   communication.o
       136          6          0          0          0        870   dma.o
        16          0          0          0          0        532   gear.o
       340         14          0          0          0     697899   gpio.o
       262          8          0          0          0     679792   main.o
       846         48          0          0         24       9359   motor.o
        50          0          0          0          0       1064   pid.o
        64         26        392          0       1536        852   startup_stm32f407xx.o
       172         32          0          9          0       8841   stm32f4xx_hal.o
      1370          6          0          0          0      11194   stm32f4xx_hal_can.o
       312         22          0          0          0      34399   stm32f4xx_hal_cortex.o
      1436         16          8          0          0       7142   stm32f4xx_hal_dma.o
       512         46          0          0          0       2164   stm32f4xx_hal_gpio.o
        72          4          0          0          0        902   stm32f4xx_hal_msp.o
      1820         84          0          0          0       5708   stm32f4xx_hal_rcc.o
      2396        142          0          0          0      14963   stm32f4xx_hal_tim.o
       296         30          0          0          0       2244   stm32f4xx_hal_tim_ex.o
      2586         28          0          0          0      14440   stm32f4xx_hal_uart.o
       162         48          0          0          0       8398   stm32f4xx_it.o
        20          6         24          4          0       1179   system_stm32f4xx.o
      2248        170          0          0        648       9800   tim.o
       668         66          0          0        528       2819   usart.o
       222          8          0         40          0       2719   user_can.o
       110         10          0          4          0       2499   user_delay.o
       298         58          0          0          0       3005   user_main.o
        90          0          0       1040          0       4883   user_uart.o

    ----------------------------------------------------------------------
     17960       1026        464       1100       3732    1554551   Object Totals
         0          0         32          0          0          0   (incl. Generated)
        28          0          0          3          0          0   (incl. Padding)

    ----------------------------------------------------------------------

      Code (inc. data)   RO Data    RW Data    ZI Data      Debug   Library Member Name

        58          0          0          0          0          0   __dczerorl.o
         8          0          0          0          0         68   __main.o
         0          0          0          0          0          0   __rtentry.o
        12          0          0          0          0          0   __rtentry2.o
         6          0          0          0          0          0   __rtentry4.o
        52          8          0          0          0          0   __scatter.o
        28          0          0          0          0          0   __scatter_zi.o
        22          0          0          0          0        100   _rserrno.o
        18          0          0          0          0         80   exit.o
         6          0          0          0          0        152   heapauxi.o
         0          0          0          0          0          0   indicate_semi.o
        36         10          0          0          0         80   init_aeabi.o
         2          0          0          0          0          0   libinit.o
        10          0          0          0          0          0   libinit2.o
         2          0          0          0          0          0   libshutdown.o
         2          0          0          0          0          0   libshutdown2.o
         8          4          0          0         96         68   libspace.o
       238          0          0          0          0        100   lludivv7m.o
         8          4          0          0          0         68   rt_errno_addr_intlibspace.o
        78          0          0          0          0         80   rt_memclr_w.o
         2          0          0          0          0          0   rtexit.o
        10          0          0          0          0          0   rtexit2.o
        12          4          0          0          0         68   sys_exit.o
        74          0          0          0          0         80   sys_stackheap_outer.o
         2          0          0          0          0         68   use_no_semi.o
        36          0          0          0          0         84   aeabi_vec_ctor_nocookie_nodtor.o
       140          4          0          0          0        132   fnaninf.o
        10          0          0          0          0        116   fpinit.o
       244          8          0          0          0        132   frem_clz.o
         0          0          0          0          0          0   usenofp.o
       176          0          0          0          0        168   fmodf.o
        16          6          0          0          0        116   funder.o

    ----------------------------------------------------------------------
      1328         48          0          0         96       1760   Library Totals
        12          0          0          0          0          0   (incl. Padding)

    ----------------------------------------------------------------------

      Code (inc. data)   RO Data    RW Data    ZI Data      Debug   Library Name

       694         30          0          0         96       1012   c_w.l
        36          0          0          0          0         84   cpprt_w.l
       394         12          0          0          0        380   fz_wm.l
       192          6          0          0          0        284   m_wm.l

    ----------------------------------------------------------------------
      1328         48          0          0         96       1760   Library Totals

    ----------------------------------------------------------------------

==============================================================================


      Code (inc. data)   RO Data    RW Data    ZI Data      Debug   

     19288       1074        464       1100       3828    1541143   Grand Totals
     19288       1074        464         32       3828    1541143   ELF Image Totals (compressed)
     19288       1074        464         32          0          0   ROM Totals

==============================================================================

    Total RO  Size (Code + RO Data)                19752 (  19.29kB)
    Total RW  Size (RW Data + ZI Data)              4928 (   4.81kB)
    Total ROM Size (Code + RO Data + RW Data)      19784 (  19.32kB)

==============================================================================

